Archive member included to satisfy reference by file (symbol)

c:/st/stm32cubeide_1.10.1/stm32cubeide/plugins/com.st.stm32cube.ide.mcu.externaltools.gnu-tools-for-stm32.10.3-2021.10.win32_1.0.0.202111181127/tools/bin/../lib/gcc/arm-none-eabi/10.3.1/../../../../arm-none-eabi/lib/thumb/v7e-m+fp/hard\libc_nano.a(lib_a-errno.o)
                              ./Core/Src/syscalls.o (__errno)
c:/st/stm32cubeide_1.10.1/stm32cubeide/plugins/com.st.stm32cube.ide.mcu.externaltools.gnu-tools-for-stm32.10.3-2021.10.win32_1.0.0.202111181127/tools/bin/../lib/gcc/arm-none-eabi/10.3.1/../../../../arm-none-eabi/lib/thumb/v7e-m+fp/hard\libc_nano.a(lib_a-exit.o)
                              c:/st/stm32cubeide_1.10.1/stm32cubeide/plugins/com.st.stm32cube.ide.mcu.externaltools.gnu-tools-for-stm32.10.3-2021.10.win32_1.0.0.202111181127/tools/bin/../lib/gcc/arm-none-eabi/10.3.1/../../../../arm-none-eabi/lib/thumb/v7e-m+fp/hard/crt0.o (exit)
c:/st/stm32cubeide_1.10.1/stm32cubeide/plugins/com.st.stm32cube.ide.mcu.externaltools.gnu-tools-for-stm32.10.3-2021.10.win32_1.0.0.202111181127/tools/bin/../lib/gcc/arm-none-eabi/10.3.1/../../../../arm-none-eabi/lib/thumb/v7e-m+fp/hard\libc_nano.a(lib_a-impure.o)
                              c:/st/stm32cubeide_1.10.1/stm32cubeide/plugins/com.st.stm32cube.ide.mcu.externaltools.gnu-tools-for-stm32.10.3-2021.10.win32_1.0.0.202111181127/tools/bin/../lib/gcc/arm-none-eabi/10.3.1/../../../../arm-none-eabi/lib/thumb/v7e-m+fp/hard\libc_nano.a(lib_a-exit.o) (_global_impure_ptr)
c:/st/stm32cubeide_1.10.1/stm32cubeide/plugins/com.st.stm32cube.ide.mcu.externaltools.gnu-tools-for-stm32.10.3-2021.10.win32_1.0.0.202111181127/tools/bin/../lib/gcc/arm-none-eabi/10.3.1/../../../../arm-none-eabi/lib/thumb/v7e-m+fp/hard\libc_nano.a(lib_a-init.o)
                              c:/st/stm32cubeide_1.10.1/stm32cubeide/plugins/com.st.stm32cube.ide.mcu.externaltools.gnu-tools-for-stm32.10.3-2021.10.win32_1.0.0.202111181127/tools/bin/../lib/gcc/arm-none-eabi/10.3.1/../../../../arm-none-eabi/lib/thumb/v7e-m+fp/hard/crt0.o (__libc_init_array)
c:/st/stm32cubeide_1.10.1/stm32cubeide/plugins/com.st.stm32cube.ide.mcu.externaltools.gnu-tools-for-stm32.10.3-2021.10.win32_1.0.0.202111181127/tools/bin/../lib/gcc/arm-none-eabi/10.3.1/../../../../arm-none-eabi/lib/thumb/v7e-m+fp/hard\libc_nano.a(lib_a-memset.o)
                              c:/st/stm32cubeide_1.10.1/stm32cubeide/plugins/com.st.stm32cube.ide.mcu.externaltools.gnu-tools-for-stm32.10.3-2021.10.win32_1.0.0.202111181127/tools/bin/../lib/gcc/arm-none-eabi/10.3.1/../../../../arm-none-eabi/lib/thumb/v7e-m+fp/hard/crt0.o (memset)
c:/st/stm32cubeide_1.10.1/stm32cubeide/plugins/com.st.stm32cube.ide.mcu.externaltools.gnu-tools-for-stm32.10.3-2021.10.win32_1.0.0.202111181127/tools/bin/../lib/gcc/arm-none-eabi/10.3.1/../../../../arm-none-eabi/lib/thumb/v7e-m+fp/hard\libc_nano.a(lib_a-sprintf.o)
                              ./Core/Src/main.o (sprintf)
c:/st/stm32cubeide_1.10.1/stm32cubeide/plugins/com.st.stm32cube.ide.mcu.externaltools.gnu-tools-for-stm32.10.3-2021.10.win32_1.0.0.202111181127/tools/bin/../lib/gcc/arm-none-eabi/10.3.1/../../../../arm-none-eabi/lib/thumb/v7e-m+fp/hard\libc_nano.a(lib_a-nano-svfprintf.o)
                              c:/st/stm32cubeide_1.10.1/stm32cubeide/plugins/com.st.stm32cube.ide.mcu.externaltools.gnu-tools-for-stm32.10.3-2021.10.win32_1.0.0.202111181127/tools/bin/../lib/gcc/arm-none-eabi/10.3.1/../../../../arm-none-eabi/lib/thumb/v7e-m+fp/hard\libc_nano.a(lib_a-sprintf.o) (_svfprintf_r)
c:/st/stm32cubeide_1.10.1/stm32cubeide/plugins/com.st.stm32cube.ide.mcu.externaltools.gnu-tools-for-stm32.10.3-2021.10.win32_1.0.0.202111181127/tools/bin/../lib/gcc/arm-none-eabi/10.3.1/../../../../arm-none-eabi/lib/thumb/v7e-m+fp/hard\libc_nano.a(lib_a-nano-vfprintf_i.o)
                              c:/st/stm32cubeide_1.10.1/stm32cubeide/plugins/com.st.stm32cube.ide.mcu.externaltools.gnu-tools-for-stm32.10.3-2021.10.win32_1.0.0.202111181127/tools/bin/../lib/gcc/arm-none-eabi/10.3.1/../../../../arm-none-eabi/lib/thumb/v7e-m+fp/hard\libc_nano.a(lib_a-nano-svfprintf.o) (_printf_i)
c:/st/stm32cubeide_1.10.1/stm32cubeide/plugins/com.st.stm32cube.ide.mcu.externaltools.gnu-tools-for-stm32.10.3-2021.10.win32_1.0.0.202111181127/tools/bin/../lib/gcc/arm-none-eabi/10.3.1/../../../../arm-none-eabi/lib/thumb/v7e-m+fp/hard\libc_nano.a(lib_a-memchr.o)
                              c:/st/stm32cubeide_1.10.1/stm32cubeide/plugins/com.st.stm32cube.ide.mcu.externaltools.gnu-tools-for-stm32.10.3-2021.10.win32_1.0.0.202111181127/tools/bin/../lib/gcc/arm-none-eabi/10.3.1/../../../../arm-none-eabi/lib/thumb/v7e-m+fp/hard\libc_nano.a(lib_a-nano-svfprintf.o) (memchr)
c:/st/stm32cubeide_1.10.1/stm32cubeide/plugins/com.st.stm32cube.ide.mcu.externaltools.gnu-tools-for-stm32.10.3-2021.10.win32_1.0.0.202111181127/tools/bin/../lib/gcc/arm-none-eabi/10.3.1/../../../../arm-none-eabi/lib/thumb/v7e-m+fp/hard\libc_nano.a(lib_a-memcpy-stub.o)
[...]
Memory Configuration

Name             Origin             Length             Attributes
CCMRAM           0x0000000010000000 0x0000000000010000 xrw
RAM              0x0000000020000000 0x0000000000020000 xrw
FLASH            0x0000000008000000 0x0000000000100000 xr
*default*        0x0000000000000000 0xffffffffffffffff

Linker script and memory map

LOAD c:/st/stm32cubeide_1.10.1/stm32cubeide/plugins/com.st.stm32cube.ide.mcu.externaltools.gnu-tools-for-stm32.10.3-2021.10.win32_1.0.0.202111181127/tools/bin/../lib/gcc/arm-none-eabi/10.3.1/thumb/v7e-m+fp/hard/crti.o
LOAD c:/st/stm32cubeide_1.10.1/stm32cubeide/plugins/com.st.stm32cube.ide.mcu.externaltools.gnu-tools-for-stm32.10.3-2021.10.win32_1.0.0.202111181127/tools/bin/../lib/gcc/arm-none-eabi/10.3.1/thumb/v7e-m+fp/hard/crtbegin.o
LOAD c:/st/stm32cubeide_1.10.1/stm32cubeide/plugins/com.st.stm32cube.ide.mcu.externaltools.gnu-tools-for-stm32.10.3-2021.10.win32_1.0.0.202111181127/tools/bin/../lib/gcc/arm-none-eabi/10.3.1/../../../../arm-none-eabi/lib/thumb/v7e-m+fp/hard/crt0.o
LOAD ./Core/Src/LCD_driver.o
LOAD ./Core/Src/LCD_lib.o
LOAD ./Core/Src/fonts.o
LOAD ./Core/Src/global.o
LOAD ./Core/Src/main.o
LOAD ./Core/Src/st7789.o
LOAD ./Core/Src/stm32f4xx_hal_msp.o
LOAD ./Core/Src/stm32f4xx_it.o
LOAD ./Core/Src/syscalls.o
LOAD ./Core/Src/sysmem.o
LOAD ./Core/Src/system_stm32f4xx.o
LOAD ./Core/Startup/startup_stm32f405rgtx.o
LOAD ./Drivers/STM32F4xx_HAL_Driver/Src/stm32f4xx_hal.o
LOAD ./Drivers/STM32F4xx_HAL_Driver/Src/stm32f4xx_hal_adc.o
LOAD ./Drivers/STM32F4xx_HAL_Driver/Src/stm32f4xx_hal_adc_ex.o
LOAD ./Drivers/STM32F4xx_HAL_Driver/Src/stm32f4xx_hal_can.o
LOAD ./Drivers/STM32F4xx_HAL_Driver/Src/stm32f4xx_hal_cortex.o
LOAD ./Drivers/STM32F4xx_HAL_Driver/Src/stm32f4xx_hal_dma.o
LOAD ./Drivers/STM32F4xx_HAL_Driver/Src/stm32f4xx_hal_dma_ex.o
LOAD ./Drivers/STM32F4xx_HAL_Driver/Src/stm32f4xx_hal_exti.o
LOAD ./Drivers/STM32F4xx_HAL_Driver/Src/stm32f4xx_hal_flash.o
LOAD ./Drivers/STM32F4xx_HAL_Driver/Src/stm32f4xx_hal_flash_ex.o
LOAD ./Drivers/STM32F4xx_HAL_Driver/Src/stm32f4xx_hal_flash_ramfunc.o
LOAD ./Drivers/STM32F4xx_HAL_Driver/Src/stm32f4xx_hal_gpio.o
LOAD ./Drivers/STM32F4xx_HAL_Driver/Src/stm32f4xx_hal_pwr.o
LOAD ./Drivers/STM32F4xx_HAL_Driver/Src/stm32f4xx_hal_pwr_ex.o
LOAD ./Drivers/STM32F4xx_HAL_Driver/Src/stm32f4xx_hal_rcc.o
LOAD ./Drivers/STM32F4xx_HAL_Driver/Src/stm32f4xx_hal_rcc_ex.o
LOAD ./Drivers/STM32F4xx_HAL_Driver/Src/stm32f4xx_hal_spi.o
LOAD ./Drivers/STM32F4xx_HAL_Driver/Src/stm32f4xx_hal_tim.o
LOAD ./Drivers/STM32F4xx_HAL_Driver/Src/stm32f4xx_hal_tim_ex.o
LOAD ./Drivers/STM32F4xx_HAL_Driver/Src/stm32f4xx_hal_uart.o
LOAD ./Drivers/STM32F4xx_HAL_Driver/Src/stm32f4xx_ll_adc.o
START GROUP
LOAD c:/st/stm32cubeide_1.10.1/stm32cubeide/plugins/com.st.stm32cube.ide.mcu.externaltools.gnu-tools-for-stm32.10.3-2021.10.win32_1.0.0.202111181127/tools/bin/../lib/gcc/arm-none-eabi/10.3.1/../../../../arm-none-eabi/lib/thumb/v7e-m+fp/hard\libc_nano.a
LOAD c:/st/stm32cubeide_1.10.1/stm32cubeide/plugins/com.st.stm32cube.ide.mcu.externaltools.gnu-tools-for-stm32.10.3-2021.10.win32_1.0.0.202111181127/tools/bin/../lib/gcc/arm-none-eabi/10.3.1/../../../../arm-none-eabi/lib/thumb/v7e-m+fp/hard\libm.a
END GROUP
START GROUP
LOAD c:/st/stm32cubeide_1.10.1/stm32cubeide/plugins/com.st.stm32cube.ide.mcu.externaltools.gnu-tools-for-stm32.10.3-2021.10.win32_1.0.0.202111181127/tools/bin/../lib/gcc/arm-none-eabi/10.3.1/thumb/v7e-m+fp/hard\libgcc.a
LOAD c:/st/stm32cubeide_1.10.1/stm32cubeide/plugins/com.st.stm32cube.ide.mcu.externaltools.gnu-tools-for-stm32.10.3-2021.10.win32_1.0.0.202111181127/tools/bin/../lib/gcc/arm-none-eabi/10.3.1/../../../../arm-none-eabi/lib/thumb/v7e-m+fp/hard\libc_nano.a
END GROUP
START GROUP
LOAD c:/st/stm32cubeide_1.10.1/stm32cubeide/plugins/com.st.stm32cube.ide.mcu.externaltools.gnu-tools-for-stm32.10.3-2021.10.win32_1.0.0.202111181127/tools/bin/../lib/gcc/arm-none-eabi/10.3.1/thumb/v7e-m+fp/hard\libgcc.a
LOAD c:/st/stm32cubeide_1.10.1/stm32cubeide/plugins/com.st.stm32cube.ide.mcu.externaltools.gnu-tools-for-stm32.10.3-2021.10.win32_1.0.0.202111181127/tools/bin/../lib/gcc/arm-none-eabi/10.3.1/../../../../arm-none-eabi/lib/thumb/v7e-m+fp/hard\libc_nano.a
LOAD c:/st/stm32cubeide_1.10.1/stm32cubeide/plugins/com.st.stm32cube.ide.mcu.externaltools.gnu-tools-for-stm32.10.3-2021.10.win32_1.0.0.202111181127/tools/bin/../lib/gcc/arm-none-eabi/10.3.1/../../../../arm-none-eabi/lib/thumb/v7e-m+fp/hard\libnosys.a
END GROUP
START GROUP
LOAD c:/st/stm32cubeide_1.10.1/stm32cubeide/plugins/com.st.stm32cube.ide.mcu.externaltools.gnu-tools-for-stm32.10.3-2021.10.win32_1.0.0.202111181127/tools/bin/../lib/gcc/arm-none-eabi/10.3.1/thumb/v7e-m+fp/hard\libgcc.a
LOAD c:/st/stm32cubeide_1.10.1/stm32cubeide/plugins/com.st.stm32cube.ide.mcu.externaltools.gnu-tools-for-stm32.10.3-2021.10.win32_1.0.0.202111181127/tools/bin/../lib/gcc/arm-none-eabi/10.3.1/../../../../arm-none-eabi/lib/thumb/v7e-m+fp/hard\libc_nano.a
LOAD c:/st/stm32cubeide_1.10.1/stm32cubeide/plugins/com.st.stm32cube.ide.mcu.externaltools.gnu-tools-for-stm32.10.3-2021.10.win32_1.0.0.202111181127/tools/bin/../lib/gcc/arm-none-eabi/10.3.1/../../../../arm-none-eabi/lib/thumb/v7e-m+fp/hard\libnosys.a
END GROUP
LOAD c:/st/stm32cubeide_1.10.1/stm32cubeide/plugins/com.st.stm32cube.ide.mcu.externaltools.gnu-tools-for-stm32.10.3-2021.10.win32_1.0.0.202111181127/tools/bin/../lib/gcc/arm-none-eabi/10.3.1/thumb/v7e-m+fp/hard/crtend.o
LOAD c:/st/stm32cubeide_1.10.1/stm32cubeide/plugins/com.st.stm32cube.ide.mcu.externaltools.gnu-tools-for-stm32.10.3-2021.10.win32_1.0.0.202111181127/tools/bin/../lib/gcc/arm-none-eabi/10.3.1/thumb/v7e-m+fp/hard/crtn.o
                0x0000000020020000                _estack = (ORIGIN (RAM) + LENGTH (RAM))
                0x0000000000000200                _Min_Heap_Size = 0x200
                0x0000000000000400                _Min_Stack_Size = 0x400

.isr_vector     0x0000000008000000      0x188
                0x0000000008000000                . = ALIGN (0x4)
 *(.isr_vector)
 .isr_vector    0x0000000008000000      0x188 ./Core/Startup/startup_stm32f405rgtx.o
                0x0000000008000000                g_pfnVectors
                0x0000000008000188                . = ALIGN (0x4)

.text           0x0000000008000190     0x7258
                0x0000000008000190                . = ALIGN (0x4)
 *(.text)
 .text          0x0000000008000190       0x40 c:/st/stm32cubeide_1.10.1/stm32cubeide/plugins/com.st.stm32cube.ide.mcu.externaltools.gnu-tools-for-stm32.10.3-2021.10.win32_1.0.0.202111181127/tools/bin/../lib/gcc/arm-none-eabi/10.3.1/thumb/v7e-m+fp/hard/crtbegin.o
 .text          0x00000000080001d0       0xa0 c:/st/stm32cubeide_1.10.1/stm32cubeide/plugins/com.st.stm32cube.ide.mcu.externaltools.gnu-tools-for-stm32.10.3-2021.10.win32_1.0.0.202111181127/tools/bin/../lib/gcc/arm-none-eabi/10.3.1/../../../../arm-none-eabi/lib/thumb/v7e-m+fp/hard\libc_nano.a(lib_a-memchr.o)
                0x00000000080001d0                memchr
 .text          0x0000000008000270       0x30 c:/st/stm32cubeide_1.10.1/stm32cubeide/plugins/com.st.stm32cube.ide.mcu.externaltools.gnu-tools-for-stm32.10.3-2021.10.win32_1.0.0.202111181127/tools/bin/../lib/gcc/arm-none-eabi/10.3.1/thumb/v7e-m+fp/hard\libgcc.a(_aeabi_uldivmod.o)
                0x0000000008000270                __aeabi_uldivmod
 .text          0x00000000080002a0      0x2d0 c:/st/stm32cubeide_1.10.1/stm32cubeide/plugins/com.st.stm32cube.ide.mcu.externaltools.gnu-tools-for-stm32.10.3-2021.10.win32_1.0.0.202111181127/tools/bin/../lib/gcc/arm-none-eabi/10.3.1/thumb/v7e-m+fp/hard\libgcc.a(_udivmoddi4.o)
                0x00000000080002a0                __udivmoddi4
 .text          0x0000000008000570        0x4 c:/st/stm32cubeide_1.10.1/stm32cubeide/plugins/com.st.stm32cube.ide.mcu.externaltools.gnu-tools-for-stm32.10.3-2021.10.win32_1.0.0.202111181127/tools/bin/../lib/gcc/arm-none-eabi/10.3.1/thumb/v7e-m+fp/hard\libgcc.a(_dvmd_tls.o)
                0x0000000008000570                __aeabi_idiv0
                0x0000000008000570                __aeabi_ldiv0
 *(.text*)
 .text.spi1_communication
                0x0000000008000574       0x8c ./Core/Src/LCD_driver.o
                0x0000000008000574                spi1_communication
 .text.lcd_write_byte
                0x0000000008000600       0x58 ./Core/Src/LCD_driver.o
                0x0000000008000600                lcd_write_byte
 .text.lcd_write_command
                0x0000000008000658       0x2c ./Core/Src/LCD_driver.o
                0x0000000008000658                lcd_write_command
 .text.delay_ms
                0x0000000008000684       0x36 ./Core/Src/LCD_driver.o
                0x0000000008000684                delay_ms
 *fill*         0x00000000080006ba        0x2 
 .text.lcd_init
                0x00000000080006bc      0x214 ./Core/Src/LCD_driver.o
                0x00000000080006bc                lcd_init
 .text.lcd_clear_screen
                0x00000000080008d0       0xcc ./Core/Src/LCD_driver.o
                0x00000000080008d0                lcd_clear_screen
 .text.HAL_CAN_RxFifo0MsgPendingCallback
                0x000000000800099c       0x70 ./Core/Src/main.o
                0x000000000800099c                HAL_CAN_RxFifo0MsgPendingCallback
 .text.handle_22
                0x0000000008000a0c       0xec ./Core/Src/main.o
                0x0000000008000a0c                handle_22
 .text.handle_2E
                0x0000000008000af8      0x224 ./Core/Src/main.o
                0x0000000008000af8                handle_2E
 .text.handle_27
                0x0000000008000d1c      0x140 ./Core/Src/main.o
                0x0000000008000d1c                handle_27
 .text.main     0x0000000008000e5c       0x90 ./Core/Src/main.o
                0x0000000008000e5c                main
 .text.SystemClock_Config
                0x0000000008000eec       0xd4 ./Core/Src/main.o
                0x0000000008000eec                SystemClock_Config
 .text.MX_ADC1_Init
                0x0000000008000fc0       0xa4 ./Core/Src/main.o
 .text.MX_CAN1_Init
                0x0000000008001064       0xa4 ./Core/Src/main.o
 .text.MX_SPI1_Init
                0x0000000008001108       0x6c ./Core/Src/main.o
 .text.MX_TIM2_Init
                0x0000000008001174       0x98 ./Core/Src/main.o
 .text.MX_USART1_UART_Init
                0x000000000800120c       0x54 ./Core/Src/main.o
 .text.MX_GPIO_Init
                0x0000000008001260       0xd8 ./Core/Src/main.o
 .text.HAL_UART_RxCpltCallback
                0x0000000008001338       0x14 ./Core/Src/main.o
                0x0000000008001338                HAL_UART_RxCpltCallback
 .text.Error_Handler
                0x000000000800134c        0xa ./Core/Src/main.o
                0x000000000800134c                Error_Handler
 *fill*         0x0000000008001356        0x2 
 .text.ST7789_WriteCommand
                0x0000000008001358       0x48 ./Core/Src/st7789.o
 .text.ST7789_WriteData
                0x00000000080013a0       0x70 ./Core/Src/st7789.o
 .text.ST7789_WriteSmallData
                0x0000000008001410       0x48 ./Core/Src/st7789.o
 .text.ST7789_SetRotation
                0x0000000008001458       0x58 ./Core/Src/st7789.o
                0x0000000008001458                ST7789_SetRotation
 .text.ST7789_SetAddressWindow
                0x00000000080014b0       0xb8 ./Core/Src/st7789.o
 .text.ST7789_Init
                0x0000000008001568      0x13c ./Core/Src/st7789.o
                0x0000000008001568                ST7789_Init
 .text.ST7789_Fill_Color
                0x00000000080016a4       0x7c ./Core/Src/st7789.o
                0x00000000080016a4                ST7789_Fill_Color
 .text.ST7789_WriteChar
                0x0000000008001720      0x100 ./Core/Src/st7789.o
                0x0000000008001720                ST7789_WriteChar
 .text.ST7789_WriteString
                0x0000000008001820       0xa8 ./Core/Src/st7789.o
                0x0000000008001820                ST7789_WriteString
 .text.HAL_MspInit
                0x00000000080018c8       0x50 ./Core/Src/stm32f4xx_hal_msp.o
                0x00000000080018c8                HAL_MspInit
 .text.HAL_ADC_MspInit
                0x0000000008001918       0x88 ./Core/Src/stm32f4xx_hal_msp.o
                0x0000000008001918                HAL_ADC_MspInit
 .text.HAL_CAN_MspInit
                0x00000000080019a0       0xa0 ./Core/Src/stm32f4xx_hal_msp.o
                0x00000000080019a0                HAL_CAN_MspInit
 .text.HAL_SPI_MspInit
                0x0000000008001a40      0x100 ./Core/Src/stm32f4xx_hal_msp.o
                0x0000000008001a40                HAL_SPI_MspInit
 .text.HAL_TIM_Base_MspInit
                0x0000000008001b40       0x4c ./Core/Src/stm32f4xx_hal_msp.o
                0x0000000008001b40                HAL_TIM_Base_MspInit
 .text.HAL_UART_MspInit
                0x0000000008001b8c       0xa0 ./Core/Src/stm32f4xx_hal_msp.o
                0x0000000008001b8c                HAL_UART_MspInit
 .text.NMI_Handler
                0x0000000008001c2c        0x6 ./Core/Src/stm32f4xx_it.o
                0x0000000008001c2c                NMI_Handler
 .text.HardFault_Handler
                0x0000000008001c32        0x6 ./Core/Src/stm32f4xx_it.o
                0x0000000008001c32                HardFault_Handler
 .text.MemManage_Handler
                0x0000000008001c38        0x6 ./Core/Src/stm32f4xx_it.o
                0x0000000008001c38                MemManage_Handler
 .text.BusFault_Handler
                0x0000000008001c3e        0x6 ./Core/Src/stm32f4xx_it.o
                0x0000000008001c3e                BusFault_Handler
 .text.UsageFault_Handler
                0x0000000008001c44        0x6 ./Core/Src/stm32f4xx_it.o
                0x0000000008001c44                UsageFault_Handler
 .text.SVC_Handler
                0x0000000008001c4a        0xe ./Core/Src/stm32f4xx_it.o
                0x0000000008001c4a                SVC_Handler
 .text.DebugMon_Handler
                0x0000000008001c58        0xe ./Core/Src/stm32f4xx_it.o
                0x0000000008001c58                DebugMon_Handler
 .text.PendSV_Handler
                0x0000000008001c66        0xe ./Core/Src/stm32f4xx_it.o
                0x0000000008001c66                PendSV_Handler
 .text.SysTick_Handler
                0x0000000008001c74        0xc ./Core/Src/stm32f4xx_it.o
                0x0000000008001c74                SysTick_Handler
 .text.CAN1_RX0_IRQHandler
                0x0000000008001c80       0x14 ./Core/Src/stm32f4xx_it.o
                0x0000000008001c80                CAN1_RX0_IRQHandler
 .text.TIM2_IRQHandler
                0x0000000008001c94       0x14 ./Core/Src/stm32f4xx_it.o
                0x0000000008001c94                TIM2_IRQHandler
 .text.SPI1_IRQHandler
                0x0000000008001ca8       0x14 ./Core/Src/stm32f4xx_it.o
                0x0000000008001ca8                SPI1_IRQHandler
 .text.USART1_IRQHandler
                0x0000000008001cbc       0x14 ./Core/Src/stm32f4xx_it.o
                0x0000000008001cbc                USART1_IRQHandler
 .text._sbrk    0x0000000008001cd0       0x6c ./Core/Src/sysmem.o
                0x0000000008001cd0                _sbrk
 .text.SystemInit
                0x0000000008001d3c       0x24 ./Core/Src/system_stm32f4xx.o
                0x0000000008001d3c                SystemInit
 .text.Reset_Handler
                0x0000000008001d60       0x50 ./Core/Startup/startup_stm32f405rgtx.o
                0x0000000008001d60                Reset_Handler
 .text.Default_Handler
                0x0000000008001db0        0x2 ./Core/Startup/startup_stm32f405rgtx.o
                0x0000000008001db0                RTC_Alarm_IRQHandler
                0x0000000008001db0                HASH_RNG_IRQHandler
                0x0000000008001db0                EXTI2_IRQHandler
                0x0000000008001db0                TIM8_CC_IRQHandler
                0x0000000008001db0                TIM1_CC_IRQHandler
                0x0000000008001db0                DMA2_Stream5_IRQHandler
                0x0000000008001db0                DMA1_Stream5_IRQHandler
                0x0000000008001db0                PVD_IRQHandler
                0x0000000008001db0                SDIO_IRQHandler
                0x0000000008001db0                TAMP_STAMP_IRQHandler
                0x0000000008001db0                CAN2_RX1_IRQHandler
                0x0000000008001db0                EXTI3_IRQHandler
                0x0000000008001db0                TIM8_TRG_COM_TIM14_IRQHandler
                0x0000000008001db0                TIM1_UP_TIM10_IRQHandler
                0x0000000008001db0                TIM8_UP_TIM13_IRQHandler
                0x0000000008001db0                I2C3_ER_IRQHandler
                0x0000000008001db0                EXTI0_IRQHandler
                0x0000000008001db0                I2C2_EV_IRQHandler
                0x0000000008001db0                DMA1_Stream2_IRQHandler
                0x0000000008001db0                FPU_IRQHandler
                0x0000000008001db0                OTG_HS_WKUP_IRQHandler
                0x0000000008001db0                CAN2_SCE_IRQHandler
                0x0000000008001db0                DMA2_Stream2_IRQHandler
                0x0000000008001db0                TIM6_DAC_IRQHandler
                0x0000000008001db0                TIM1_BRK_TIM9_IRQHandler
                0x0000000008001db0                CAN2_RX0_IRQHandler
                0x0000000008001db0                DMA2_Stream3_IRQHandler
                0x0000000008001db0                USART6_IRQHandler
                0x0000000008001db0                USART3_IRQHandler
                0x0000000008001db0                CAN1_RX1_IRQHandler
                0x0000000008001db0                UART5_IRQHandler
                0x0000000008001db0                DMA2_Stream0_IRQHandler
                0x0000000008001db0                TIM4_IRQHandler
                0x0000000008001db0                I2C1_EV_IRQHandler
                0x0000000008001db0                DMA1_Stream6_IRQHandler
                0x0000000008001db0                DMA1_Stream1_IRQHandler
                0x0000000008001db0                UART4_IRQHandler
                0x0000000008001db0                TIM3_IRQHandler
                0x0000000008001db0                RCC_IRQHandler
                0x0000000008001db0                TIM8_BRK_TIM12_IRQHandler
                0x0000000008001db0                Default_Handler
                0x0000000008001db0                EXTI15_10_IRQHandler
                0x0000000008001db0                ADC_IRQHandler
                0x0000000008001db0                DMA1_Stream7_IRQHandler
                0x0000000008001db0                TIM7_IRQHandler
                0x0000000008001db0                CAN2_TX_IRQHandler
                0x0000000008001db0                TIM5_IRQHandler
                0x0000000008001db0                DMA2_Stream7_IRQHandler
                0x0000000008001db0                I2C3_EV_IRQHandler
                0x0000000008001db0                EXTI9_5_IRQHandler
                0x0000000008001db0                RTC_WKUP_IRQHandler
                0x0000000008001db0                SPI2_IRQHandler
                0x0000000008001db0                OTG_HS_EP1_IN_IRQHandler
                0x0000000008001db0                DMA1_Stream0_IRQHandler
                0x0000000008001db0                CAN1_TX_IRQHandler
                0x0000000008001db0                EXTI4_IRQHandler
                0x0000000008001db0                FSMC_IRQHandler
                0x0000000008001db0                OTG_HS_EP1_OUT_IRQHandler
                0x0000000008001db0                WWDG_IRQHandler
                0x0000000008001db0                OTG_FS_WKUP_IRQHandler
                0x0000000008001db0                TIM1_TRG_COM_TIM11_IRQHandler
                0x0000000008001db0                OTG_HS_IRQHandler
                0x0000000008001db0                EXTI1_IRQHandler
                0x0000000008001db0                USART2_IRQHandler
                0x0000000008001db0                I2C2_ER_IRQHandler
                0x0000000008001db0                DMA2_Stream1_IRQHandler
                0x0000000008001db0                CAN1_SCE_IRQHandler
                0x0000000008001db0                FLASH_IRQHandler
                0x0000000008001db0                DMA2_Stream4_IRQHandler
                0x0000000008001db0                OTG_FS_IRQHandler
                0x0000000008001db0                SPI3_IRQHandler
                0x0000000008001db0                DMA1_Stream4_IRQHandler
                0x0000000008001db0                I2C1_ER_IRQHandler
                0x0000000008001db0                DMA2_Stream6_IRQHandler
                0x0000000008001db0                DMA1_Stream3_IRQHandler
 *fill*         0x0000000008001db2        0x2 
 .text.HAL_Init
                0x0000000008001db4       0x44 ./Drivers/STM32F4xx_HAL_Driver/Src/stm32f4xx_hal.o
                0x0000000008001db4                HAL_Init
 .text.HAL_InitTick
                0x0000000008001df8       0x60 ./Drivers/STM32F4xx_HAL_Driver/Src/stm32f4xx_hal.o
                0x0000000008001df8                HAL_InitTick
 .text.HAL_IncTick
                0x0000000008001e58       0x28 ./Drivers/STM32F4xx_HAL_Driver/Src/stm32f4xx_hal.o
                0x0000000008001e58                HAL_IncTick
 .text.HAL_GetTick
                0x0000000008001e80       0x18 ./Drivers/STM32F4xx_HAL_Driver/Src/stm32f4xx_hal.o
                0x0000000008001e80                HAL_GetTick
 .text.HAL_Delay
                0x0000000008001e98       0x48 ./Drivers/STM32F4xx_HAL_Driver/Src/stm32f4xx_hal.o
                0x0000000008001e98                HAL_Delay
 .text.HAL_ADC_Init
                0x0000000008001ee0       0x86 ./Drivers/STM32F4xx_HAL_Driver/Src/stm32f4xx_hal_adc.o
                0x0000000008001ee0                HAL_ADC_Init
 *fill*         0x0000000008001f66        0x2 
 .text.HAL_ADC_Start
                0x0000000008001f68      0x1a4 ./Drivers/STM32F4xx_HAL_Driver/Src/stm32f4xx_hal_adc.o
                0x0000000008001f68                HAL_ADC_Start
 .text.HAL_ADC_Stop
                0x000000000800210c       0x66 ./Drivers/STM32F4xx_HAL_Driver/Src/stm32f4xx_hal_adc.o
                0x000000000800210c                HAL_ADC_Stop
 .text.HAL_ADC_PollForConversion
                0x0000000008002172      0x116 ./Drivers/STM32F4xx_HAL_Driver/Src/stm32f4xx_hal_adc.o
                0x0000000008002172                HAL_ADC_PollForConversion
 .text.HAL_ADC_GetValue
                0x0000000008002288       0x1a ./Drivers/STM32F4xx_HAL_Driver/Src/stm32f4xx_hal_adc.o
                0x0000000008002288                HAL_ADC_GetValue
 *fill*         0x00000000080022a2        0x2 
 .text.HAL_ADC_ConfigChannel
                0x00000000080022a4      0x244 ./Drivers/STM32F4xx_HAL_Driver/Src/stm32f4xx_hal_adc.o
                0x00000000080022a4                HAL_ADC_ConfigChannel
 .text.ADC_Init
                0x00000000080024e8      0x1f8 ./Drivers/STM32F4xx_HAL_Driver/Src/stm32f4xx_hal_adc.o
 .text.HAL_CAN_Init
                0x00000000080026e0      0x1f6 ./Drivers/STM32F4xx_HAL_Driver/Src/stm32f4xx_hal_can.o
                0x00000000080026e0                HAL_CAN_Init
 *fill*         0x00000000080028d6        0x2 
 .text.HAL_CAN_ConfigFilter
                0x00000000080028d8      0x1c0 ./Drivers/STM32F4xx_HAL_Driver/Src/stm32f4xx_hal_can.o
                0x00000000080028d8                HAL_CAN_ConfigFilter
 .text.HAL_CAN_Start
                0x0000000008002a98       0x88 ./Drivers/STM32F4xx_HAL_Driver/Src/stm32f4xx_hal_can.o
                0x0000000008002a98                HAL_CAN_Start
 .text.HAL_CAN_AddTxMessage
                0x0000000008002b20      0x1b6 ./Drivers/STM32F4xx_HAL_Driver/Src/stm32f4xx_hal_can.o
                0x0000000008002b20                HAL_CAN_AddTxMessage
 .text.HAL_CAN_GetRxMessage
                0x0000000008002cd6      0x224 ./Drivers/STM32F4xx_HAL_Driver/Src/stm32f4xx_hal_can.o
                0x0000000008002cd6                HAL_CAN_GetRxMessage
 .text.HAL_CAN_ActivateNotification
                0x0000000008002efa       0x4c ./Drivers/STM32F4xx_HAL_Driver/Src/stm32f4xx_hal_can.o
                0x0000000008002efa                HAL_CAN_ActivateNotification
 .text.HAL_CAN_IRQHandler
                0x0000000008002f46      0x36e ./Drivers/STM32F4xx_HAL_Driver/Src/stm32f4xx_hal_can.o
                0x0000000008002f46                HAL_CAN_IRQHandler
 .text.HAL_CAN_TxMailbox0CompleteCallback
                0x00000000080032b4       0x14 ./Drivers/STM32F4xx_HAL_Driver/Src/stm32f4xx_hal_can.o
                0x00000000080032b4                HAL_CAN_TxMailbox0CompleteCallback
 .text.HAL_CAN_TxMailbox1CompleteCallback
                0x00000000080032c8       0x14 ./Drivers/STM32F4xx_HAL_Driver/Src/stm32f4xx_hal_can.o
                0x00000000080032c8                HAL_CAN_TxMailbox1CompleteCallback
 .text.HAL_CAN_TxMailbox2CompleteCallback
                0x00000000080032dc       0x14 ./Drivers/STM32F4xx_HAL_Driver/Src/stm32f4xx_hal_can.o
                0x00000000080032dc                HAL_CAN_TxMailbox2CompleteCallback
 .text.HAL_CAN_TxMailbox0AbortCallback
                0x00000000080032f0       0x14 ./Drivers/STM32F4xx_HAL_Driver/Src/stm32f4xx_hal_can.o
                0x00000000080032f0                HAL_CAN_TxMailbox0AbortCallback
 .text.HAL_CAN_TxMailbox1AbortCallback
                0x0000000008003304       0x14 ./Drivers/STM32F4xx_HAL_Driver/Src/stm32f4xx_hal_can.o
                0x0000000008003304                HAL_CAN_TxMailbox1AbortCallback
 .text.HAL_CAN_TxMailbox2AbortCallback
                0x0000000008003318       0x14 ./Drivers/STM32F4xx_HAL_Driver/Src/stm32f4xx_hal_can.o
                0x0000000008003318                HAL_CAN_TxMailbox2AbortCallback
 .text.HAL_CAN_RxFifo0FullCallback
                0x000000000800332c       0x14 ./Drivers/STM32F4xx_HAL_Driver/Src/stm32f4xx_hal_can.o
                0x000000000800332c                HAL_CAN_RxFifo0FullCallback
 .text.HAL_CAN_RxFifo1MsgPendingCallback
                0x0000000008003340       0x14 ./Drivers/STM32F4xx_HAL_Driver/Src/stm32f4xx_hal_can.o
                0x0000000008003340                HAL_CAN_RxFifo1MsgPendingCallback
 .text.HAL_CAN_RxFifo1FullCallback
                0x0000000008003354       0x14 ./Drivers/STM32F4xx_HAL_Driver/Src/stm32f4xx_hal_can.o
                0x0000000008003354                HAL_CAN_RxFifo1FullCallback
 .text.HAL_CAN_SleepCallback
                0x0000000008003368       0x14 ./Drivers/STM32F4xx_HAL_Driver/Src/stm32f4xx_hal_can.o
                0x0000000008003368                HAL_CAN_SleepCallback
 .text.HAL_CAN_WakeUpFromRxMsgCallback
                0x000000000800337c       0x14 ./Drivers/STM32F4xx_HAL_Driver/Src/stm32f4xx_hal_can.o
                0x000000000800337c                HAL_CAN_WakeUpFromRxMsgCallback
 .text.HAL_CAN_ErrorCallback
                0x0000000008003390       0x14 ./Drivers/STM32F4xx_HAL_Driver/Src/stm32f4xx_hal_can.o
                0x0000000008003390                HAL_CAN_ErrorCallback
 .text.__NVIC_SetPriorityGrouping
                0x00000000080033a4       0x48 ./Drivers/STM32F4xx_HAL_Driver/Src/stm32f4xx_hal_cortex.o
 .text.__NVIC_GetPriorityGrouping
                0x00000000080033ec       0x1c ./Drivers/STM32F4xx_HAL_Driver/Src/stm32f4xx_hal_cortex.o
 .text.__NVIC_EnableIRQ
                0x0000000008003408       0x3c ./Drivers/STM32F4xx_HAL_Driver/Src/stm32f4xx_hal_cortex.o
 .text.__NVIC_SetPriority
                0x0000000008003444       0x54 ./Drivers/STM32F4xx_HAL_Driver/Src/stm32f4xx_hal_cortex.o
 .text.NVIC_EncodePriority
                0x0000000008003498       0x66 ./Drivers/STM32F4xx_HAL_Driver/Src/stm32f4xx_hal_cortex.o
 *fill*         0x00000000080034fe        0x2 
 .text.SysTick_Config
                0x0000000008003500       0x44 ./Drivers/STM32F4xx_HAL_Driver/Src/stm32f4xx_hal_cortex.o
 .text.HAL_NVIC_SetPriorityGrouping
                0x0000000008003544       0x16 ./Drivers/STM32F4xx_HAL_Driver/Src/stm32f4xx_hal_cortex.o
                0x0000000008003544                HAL_NVIC_SetPriorityGrouping
 .text.HAL_NVIC_SetPriority
                0x000000000800355a       0x38 ./Drivers/STM32F4xx_HAL_Driver/Src/stm32f4xx_hal_cortex.o
                0x000000000800355a                HAL_NVIC_SetPriority
 .text.HAL_NVIC_EnableIRQ
                0x0000000008003592       0x1c ./Drivers/STM32F4xx_HAL_Driver/Src/stm32f4xx_hal_cortex.o
                0x0000000008003592                HAL_NVIC_EnableIRQ
 .text.HAL_SYSTICK_Config
                0x00000000080035ae       0x18 ./Drivers/STM32F4xx_HAL_Driver/Src/stm32f4xx_hal_cortex.o
                0x00000000080035ae                HAL_SYSTICK_Config
 .text.HAL_DMA_Abort
                0x00000000080035c6       0xe0 ./Drivers/STM32F4xx_HAL_Driver/Src/stm32f4xx_hal_dma.o
                0x00000000080035c6                HAL_DMA_Abort
 .text.HAL_DMA_Abort_IT
                0x00000000080036a6       0x44 ./Drivers/STM32F4xx_HAL_Driver/Src/stm32f4xx_hal_dma.o
                0x00000000080036a6                HAL_DMA_Abort_IT
 *fill*         0x00000000080036ea        0x2 
 .text.HAL_GPIO_Init
                0x00000000080036ec      0x338 ./Drivers/STM32F4xx_HAL_Driver/Src/stm32f4xx_hal_gpio.o
                0x00000000080036ec                HAL_GPIO_Init
 .text.HAL_GPIO_WritePin
                0x0000000008003a24       0x32 ./Drivers/STM32F4xx_HAL_Driver/Src/stm32f4xx_hal_gpio.o
                0x0000000008003a24                HAL_GPIO_WritePin
 .text.HAL_GPIO_TogglePin
                0x0000000008003a56       0x34 ./Drivers/STM32F4xx_HAL_Driver/Src/stm32f4xx_hal_gpio.o
                0x0000000008003a56                HAL_GPIO_TogglePin
 *fill*         0x0000000008003a8a        0x2 
 .text.HAL_RCC_OscConfig
                0x0000000008003a8c      0x4f0 ./Drivers/STM32F4xx_HAL_Driver/Src/stm32f4xx_hal_rcc.o
                0x0000000008003a8c                HAL_RCC_OscConfig
 .text.HAL_RCC_ClockConfig
                0x0000000008003f7c      0x1cc ./Drivers/STM32F4xx_HAL_Driver/Src/stm32f4xx_hal_rcc.o
                0x0000000008003f7c                HAL_RCC_ClockConfig
 .text.HAL_RCC_GetSysClockFreq
                0x0000000008004148      0x20c ./Drivers/STM32F4xx_HAL_Driver/Src/stm32f4xx_hal_rcc.o
                0x0000000008004148                HAL_RCC_GetSysClockFreq
 .text.HAL_RCC_GetHCLKFreq
                0x0000000008004354       0x18 ./Drivers/STM32F4xx_HAL_Driver/Src/stm32f4xx_hal_rcc.o
                0x0000000008004354                HAL_RCC_GetHCLKFreq
 .text.HAL_RCC_GetPCLK1Freq
                0x000000000800436c       0x28 ./Drivers/STM32F4xx_HAL_Driver/Src/stm32f4xx_hal_rcc.o
                0x000000000800436c                HAL_RCC_GetPCLK1Freq
 .text.HAL_RCC_GetPCLK2Freq
                0x0000000008004394       0x28 ./Drivers/STM32F4xx_HAL_Driver/Src/stm32f4xx_hal_rcc.o
                0x0000000008004394                HAL_RCC_GetPCLK2Freq
 .text.HAL_SPI_Init
                0x00000000080043bc      0x112 ./Drivers/STM32F4xx_HAL_Driver/Src/stm32f4xx_hal_spi.o
                0x00000000080043bc                HAL_SPI_Init
 .text.HAL_SPI_Transmit
                0x00000000080044ce      0x278 ./Drivers/STM32F4xx_HAL_Driver/Src/stm32f4xx_hal_spi.o
                0x00000000080044ce                HAL_SPI_Transmit
 .text.HAL_SPI_Receive
                0x0000000008004746      0x222 ./Drivers/STM32F4xx_HAL_Driver/Src/stm32f4xx_hal_spi.o
                0x0000000008004746                HAL_SPI_Receive
 .text.HAL_SPI_TransmitReceive
                0x0000000008004968      0x344 ./Drivers/STM32F4xx_HAL_Driver/Src/stm32f4xx_hal_spi.o
                0x0000000008004968                HAL_SPI_TransmitReceive
 .text.HAL_SPI_IRQHandler
                0x0000000008004cac      0x200 ./Drivers/STM32F4xx_HAL_Driver/Src/stm32f4xx_hal_spi.o
                0x0000000008004cac                HAL_SPI_IRQHandler
 .text.HAL_SPI_ErrorCallback
                0x0000000008004eac       0x14 ./Drivers/STM32F4xx_HAL_Driver/Src/stm32f4xx_hal_spi.o
                0x0000000008004eac                HAL_SPI_ErrorCallback
 .text.HAL_SPI_GetState
                0x0000000008004ec0       0x1c ./Drivers/STM32F4xx_HAL_Driver/Src/stm32f4xx_hal_spi.o
                0x0000000008004ec0                HAL_SPI_GetState
 .text.SPI_DMAAbortOnError
                0x0000000008004edc       0x28 ./Drivers/STM32F4xx_HAL_Driver/Src/stm32f4xx_hal_spi.o
 .text.SPI_WaitFlagStateUntilTimeout
                0x0000000008004f04      0x110 ./Drivers/STM32F4xx_HAL_Driver/Src/stm32f4xx_hal_spi.o
 .text.SPI_EndRxTransaction
                0x0000000008005014       0xca ./Drivers/STM32F4xx_HAL_Driver/Src/stm32f4xx_hal_spi.o
 *fill*         0x00000000080050de        0x2 
 .text.SPI_EndRxTxTransaction
                0x00000000080050e0       0x84 ./Drivers/STM32F4xx_HAL_Driver/Src/stm32f4xx_hal_spi.o
 .text.HAL_TIM_Base_Init
                0x0000000008005164       0x9e ./Drivers/STM32F4xx_HAL_Driver/Src/stm32f4xx_hal_tim.o
                0x0000000008005164                HAL_TIM_Base_Init
 *fill*         0x0000000008005202        0x2 
 .text.HAL_TIM_Base_Start_IT
                0x0000000008005204       0xe0 ./Drivers/STM32F4xx_HAL_Driver/Src/stm32f4xx_hal_tim.o
                0x0000000008005204                HAL_TIM_Base_Start_IT
 .text.HAL_TIM_IRQHandler
                0x00000000080052e4      0x210 ./Drivers/STM32F4xx_HAL_Driver/Src/stm32f4xx_hal_tim.o
                0x00000000080052e4                HAL_TIM_IRQHandler
 .text.HAL_TIM_ConfigClockSource
                0x00000000080054f4      0x18e ./Drivers/STM32F4xx_HAL_Driver/Src/stm32f4xx_hal_tim.o
                0x00000000080054f4                HAL_TIM_ConfigClockSource
 .text.HAL_TIM_PeriodElapsedCallback
                0x0000000008005682       0x14 ./Drivers/STM32F4xx_HAL_Driver/Src/stm32f4xx_hal_tim.o
                0x0000000008005682                HAL_TIM_PeriodElapsedCallback
 .text.HAL_TIM_OC_DelayElapsedCallback
                0x0000000008005696       0x14 ./Drivers/STM32F4xx_HAL_Driver/Src/stm32f4xx_hal_tim.o
                0x0000000008005696                HAL_TIM_OC_DelayElapsedCallback
 .text.HAL_TIM_IC_CaptureCallback
                0x00000000080056aa       0x14 ./Drivers/STM32F4xx_HAL_Driver/Src/stm32f4xx_hal_tim.o
                0x00000000080056aa                HAL_TIM_IC_CaptureCallback
 .text.HAL_TIM_PWM_PulseFinishedCallback
                0x00000000080056be       0x14 ./Drivers/STM32F4xx_HAL_Driver/Src/stm32f4xx_hal_tim.o
                0x00000000080056be                HAL_TIM_PWM_PulseFinishedCallback
 .text.HAL_TIM_TriggerCallback
                0x00000000080056d2       0x14 ./Drivers/STM32F4xx_HAL_Driver/Src/stm32f4xx_hal_tim.o
                0x00000000080056d2                HAL_TIM_TriggerCallback
 *fill*         0x00000000080056e6        0x2 
 .text.TIM_Base_SetConfig
                0x00000000080056e8      0x140 ./Drivers/STM32F4xx_HAL_Driver/Src/stm32f4xx_hal_tim.o
                0x00000000080056e8                TIM_Base_SetConfig
 .text.TIM_TI1_ConfigInputStage
                0x0000000008005828       0x5e ./Drivers/STM32F4xx_HAL_Driver/Src/stm32f4xx_hal_tim.o
 .text.TIM_TI2_ConfigInputStage
                0x0000000008005886       0x60 ./Drivers/STM32F4xx_HAL_Driver/Src/stm32f4xx_hal_tim.o
 .text.TIM_ITRx_SetConfig
                0x00000000080058e6       0x36 ./Drivers/STM32F4xx_HAL_Driver/Src/stm32f4xx_hal_tim.o
 .text.TIM_ETR_SetConfig
                0x000000000800591c       0x40 ./Drivers/STM32F4xx_HAL_Driver/Src/stm32f4xx_hal_tim.o
                0x000000000800591c                TIM_ETR_SetConfig
 .text.HAL_TIMEx_MasterConfigSynchronization
                0x000000000800595c       0xf8 ./Drivers/STM32F4xx_HAL_Driver/Src/stm32f4xx_hal_tim_ex.o
                0x000000000800595c                HAL_TIMEx_MasterConfigSynchronization
 .text.HAL_TIMEx_CommutCallback
                0x0000000008005a54       0x14 ./Drivers/STM32F4xx_HAL_Driver/Src/stm32f4xx_hal_tim_ex.o
                0x0000000008005a54                HAL_TIMEx_CommutCallback
 .text.HAL_TIMEx_BreakCallback
                0x0000000008005a68       0x14 ./Drivers/STM32F4xx_HAL_Driver/Src/stm32f4xx_hal_tim_ex.o
                0x0000000008005a68                HAL_TIMEx_BreakCallback
 .text.HAL_UART_Init
                0x0000000008005a7c       0x9a ./Drivers/STM32F4xx_HAL_Driver/Src/stm32f4xx_hal_uart.o
                0x0000000008005a7c                HAL_UART_Init
 .text.HAL_UART_Transmit
                0x0000000008005b16      0x124 ./Drivers/STM32F4xx_HAL_Driver/Src/stm32f4xx_hal_uart.o
                0x0000000008005b16                HAL_UART_Transmit
 *fill*         0x0000000008005c3a        0x2 
 .text.HAL_UART_IRQHandler
                0x0000000008005c3c      0x51c ./Drivers/STM32F4xx_HAL_Driver/Src/stm32f4xx_hal_uart.o
                0x0000000008005c3c                HAL_UART_IRQHandler
 .text.HAL_UART_TxCpltCallback
                0x0000000008006158       0x14 ./Drivers/STM32F4xx_HAL_Driver/Src/stm32f4xx_hal_uart.o
                0x0000000008006158                HAL_UART_TxCpltCallback
 .text.HAL_UART_ErrorCallback
                0x000000000800616c       0x14 ./Drivers/STM32F4xx_HAL_Driver/Src/stm32f4xx_hal_uart.o
                0x000000000800616c                HAL_UART_ErrorCallback
 .text.HAL_UARTEx_RxEventCallback
                0x0000000008006180       0x18 ./Drivers/STM32F4xx_HAL_Driver/Src/stm32f4xx_hal_uart.o
                0x0000000008006180                HAL_UARTEx_RxEventCallback
 .text.UART_WaitOnFlagUntilTimeout
                0x0000000008006198       0xdc ./Drivers/STM32F4xx_HAL_Driver/Src/stm32f4xx_hal_uart.o
 .text.UART_EndRxTransfer
                0x0000000008006274       0xc6 ./Drivers/STM32F4xx_HAL_Driver/Src/stm32f4xx_hal_uart.o
 .text.UART_DMAAbortOnError
                0x000000000800633a       0x28 ./Drivers/STM32F4xx_HAL_Driver/Src/stm32f4xx_hal_uart.o
 .text.UART_Transmit_IT
                0x0000000008006362       0xa0 ./Drivers/STM32F4xx_HAL_Driver/Src/stm32f4xx_hal_uart.o
 .text.UART_EndTransmit_IT
                0x0000000008006402       0x30 ./Drivers/STM32F4xx_HAL_Driver/Src/stm32f4xx_hal_uart.o
 .text.UART_Receive_IT
                0x0000000008006432      0x176 ./Drivers/STM32F4xx_HAL_Driver/Src/stm32f4xx_hal_uart.o
 .text.UART_SetConfig
                0x00000000080065a8      0x4e8 ./Drivers/STM32F4xx_HAL_Driver/Src/stm32f4xx_hal_uart.o
 .text.__errno  0x0000000008006a90        0xc c:/st/stm32cubeide_1.10.1/stm32cubeide/plugins/com.st.stm32cube.ide.mcu.externaltools.gnu-tools-for-stm32.10.3-2021.10.win32_1.0.0.202111181127/tools/bin/../lib/gcc/arm-none-eabi/10.3.1/../../../../arm-none-eabi/lib/thumb/v7e-m+fp/hard\libc_nano.a(lib_a-errno.o)
                0x0000000008006a90                __errno
 .text.__libc_init_array
                0x0000000008006a9c       0x48 c:/st/stm32cubeide_1.10.1/stm32cubeide/plugins/com.st.stm32cube.ide.mcu.externaltools.gnu-tools-for-stm32.10.3-2021.10.win32_1.0.0.202111181127/tools/bin/../lib/gcc/arm-none-eabi/10.3.1/../../../../arm-none-eabi/lib/thumb/v7e-m+fp/hard\libc_nano.a(lib_a-init.o)
                0x0000000008006a9c                __libc_init_array
 .text.memset   0x0000000008006ae4       0x10 c:/st/stm32cubeide_1.10.1/stm32cubeide/plugins/com.st.stm32cube.ide.mcu.externaltools.gnu-tools-for-stm32.10.3-2021.10.win32_1.0.0.202111181127/tools/bin/../lib/gcc/arm-none-eabi/10.3.1/../../../../arm-none-eabi/lib/thumb/v7e-m+fp/hard\libc_nano.a(lib_a-memset.o)
                0x0000000008006ae4                memset
 .text.sprintf  0x0000000008006af4       0x40 c:/st/stm32cubeide_1.10.1/stm32cubeide/plugins/com.st.stm32cube.ide.mcu.externaltools.gnu-tools-for-stm32.10.3-2021.10.win32_1.0.0.202111181127/tools/bin/../lib/gcc/arm-none-eabi/10.3.1/../../../../arm-none-eabi/lib/thumb/v7e-m+fp/hard\libc_nano.a(lib_a-sprintf.o)
                0x0000000008006af4                siprintf
                0x0000000008006af4                sprintf
 .text.__ssputs_r
                0x0000000008006b34       0xb6 c:/st/stm32cubeide_1.10.1/stm32cubeide/plugins/com.st.stm32cube.ide.mcu.externaltools.gnu-tools-for-stm32.10.3-2021.10.win32_1.0.0.202111181127/tools/bin/../lib/gcc/arm-none-eabi/10.3.1/../../../../arm-none-eabi/lib/thumb/v7e-m+fp/hard\libc_nano.a(lib_a-nano-svfprintf.o)
                0x0000000008006b34                __ssputs_r
 *fill*         0x0000000008006bea        0x2 
 .text._svfprintf_r
                0x0000000008006bec      0x200 c:/st/stm32cubeide_1.10.1/stm32cubeide/plugins/com.st.stm32cube.ide.mcu.externaltools.gnu-tools-for-stm32.10.3-2021.10.win32_1.0.0.202111181127/tools/bin/../lib/gcc/arm-none-eabi/10.3.1/../../../../arm-none-eabi/lib/thumb/v7e-m+fp/hard\libc_nano.a(lib_a-nano-svfprintf.o)
                0x0000000008006bec                _svfiprintf_r
                0x0000000008006bec                _svfprintf_r
 .text._printf_common
                0x0000000008006dec       0xda c:/st/stm32cubeide_1.10.1/stm32cubeide/plugins/com.st.stm32cube.ide.mcu.externaltools.gnu-tools-for-stm32.10.3-2021.10.win32_1.0.0.202111181127/tools/bin/../lib/gcc/arm-none-eabi/10.3.1/../../../../arm-none-eabi/lib/thumb/v7e-m+fp/hard\libc_nano.a(lib_a-nano-vfprintf_i.o)
                0x0000000008006dec                _printf_common
 *fill*         0x0000000008006ec6        0x2 
 .text._printf_i
                0x0000000008006ec8      0x24c c:/st/stm32cubeide_1.10.1/stm32cubeide/plugins/com.st.stm32cube.ide.mcu.externaltools.gnu-tools-for-stm32.10.3-2021.10.win32_1.0.0.202111181127/tools/bin/../lib/gcc/arm-none-eabi/10.3.1/../../../../arm-none-eabi/lib/thumb/v7e-m+fp/hard\libc_nano.a(lib_a-nano-vfprintf_i.o)
                0x0000000008006ec8                _printf_i
 .text.memcpy   0x0000000008007114       0x1c c:/st/stm32cubeide_1.10.1/stm32cubeide/plugins/com.st.stm32cube.ide.mcu.externaltools.gnu-tools-for-stm32.10.3-2021.10.win32_1.0.0.202111181127/tools/bin/../lib/gcc/arm-none-eabi/10.3.1/../../../../arm-none-eabi/lib/thumb/v7e-m+fp/hard\libc_nano.a(lib_a-memcpy-stub.o)
                0x0000000008007114                memcpy
 .text.memmove  0x0000000008007130       0x34 c:/st/stm32cubeide_1.10.1/stm32cubeide/plugins/com.st.stm32cube.ide.mcu.externaltools.gnu-tools-for-stm32.10.3-2021.10.win32_1.0.0.202111181127/tools/bin/../lib/gcc/arm-none-eabi/10.3.1/../../../../arm-none-eabi/lib/thumb/v7e-m+fp/hard\libc_nano.a(lib_a-memmove.o)
                0x0000000008007130                memmove
 .text._free_r  0x0000000008007164       0x98 c:/st/stm32cubeide_1.10.1/stm32cubeide/plugins/com.st.stm32cube.ide.mcu.externaltools.gnu-tools-for-stm32.10.3-2021.10.win32_1.0.0.202111181127/tools/bin/../lib/gcc/arm-none-eabi/10.3.1/../../../../arm-none-eabi/lib/thumb/v7e-m+fp/hard\libc_nano.a(lib_a-nano-freer.o)
                0x0000000008007164                _free_r
 .text.sbrk_aligned
                0x00000000080071fc       0x40 c:/st/stm32cubeide_1.10.1/stm32cubeide/plugins/com.st.stm32cube.ide.mcu.externaltools.gnu-tools-for-stm32.10.3-2021.10.win32_1.0.0.202111181127/tools/bin/../lib/gcc/arm-none-eabi/10.3.1/../../../../arm-none-eabi/lib/thumb/v7e-m+fp/hard\libc_nano.a(lib_a-nano-mallocr.o)
 .text._malloc_r
                0x000000000800723c       0xe8 c:/st/stm32cubeide_1.10.1/stm32cubeide/plugins/com.st.stm32cube.ide.mcu.externaltools.gnu-tools-for-stm32.10.3-2021.10.win32_1.0.0.202111181127/tools/bin/../lib/gcc/arm-none-eabi/10.3.1/../../../../arm-none-eabi/lib/thumb/v7e-m+fp/hard\libc_nano.a(lib_a-nano-mallocr.o)
                0x000000000800723c                _malloc_r
 .text._realloc_r
                0x0000000008007324       0x5e c:/st/stm32cubeide_1.10.1/stm32cubeide/plugins/com.st.stm32cube.ide.mcu.externaltools.gnu-tools-for-stm32.10.3-2021.10.win32_1.0.0.202111181127/tools/bin/../lib/gcc/arm-none-eabi/10.3.1/../../../../arm-none-eabi/lib/thumb/v7e-m+fp/hard\libc_nano.a(lib_a-nano-reallocr.o)
                0x0000000008007324                _realloc_r
 *fill*         0x0000000008007382        0x2 
 .text._sbrk_r  0x0000000008007384       0x20 c:/st/stm32cubeide_1.10.1/stm32cubeide/plugins/com.st.stm32cube.ide.mcu.externaltools.gnu-tools-for-stm32.10.3-2021.10.win32_1.0.0.202111181127/tools/bin/../lib/gcc/arm-none-eabi/10.3.1/../../../../arm-none-eabi/lib/thumb/v7e-m+fp/hard\libc_nano.a(lib_a-sbrkr.o)
                0x0000000008007384                _sbrk_r
 .text.__malloc_lock
                0x00000000080073a4        0xc c:/st/stm32cubeide_1.10.1/stm32cubeide/plugins/com.st.stm32cube.ide.mcu.externaltools.gnu-tools-for-stm32.10.3-2021.10.win32_1.0.0.202111181127/tools/bin/../lib/gcc/arm-none-eabi/10.3.1/../../../../arm-none-eabi/lib/thumb/v7e-m+fp/hard\libc_nano.a(lib_a-mlock.o)
                0x00000000080073a4                __malloc_lock
 .text.__malloc_unlock
                0x00000000080073b0        0xc c:/st/stm32cubeide_1.10.1/stm32cubeide/plugins/com.st.stm32cube.ide.mcu.externaltools.gnu-tools-for-stm32.10.3-2021.10.win32_1.0.0.202111181127/tools/bin/../lib/gcc/arm-none-eabi/10.3.1/../../../../arm-none-eabi/lib/thumb/v7e-m+fp/hard\libc_nano.a(lib_a-mlock.o)
                0x00000000080073b0                __malloc_unlock
 .text._malloc_usable_size_r
                0x00000000080073bc       0x10 c:/st/stm32cubeide_1.10.1/stm32cubeide/plugins/com.st.stm32cube.ide.mcu.externaltools.gnu-tools-for-stm32.10.3-2021.10.win32_1.0.0.202111181127/tools/bin/../lib/gcc/arm-none-eabi/10.3.1/../../../../arm-none-eabi/lib/thumb/v7e-m+fp/hard\libc_nano.a(lib_a-nano-msizer.o)
                0x00000000080073bc                _malloc_usable_size_r
 .text.__retarget_lock_acquire_recursive
                0x00000000080073cc        0x2 c:/st/stm32cubeide_1.10.1/stm32cubeide/plugins/com.st.stm32cube.ide.mcu.externaltools.gnu-tools-for-stm32.10.3-2021.10.win32_1.0.0.202111181127/tools/bin/../lib/gcc/arm-none-eabi/10.3.1/../../../../arm-none-eabi/lib/thumb/v7e-m+fp/hard\libc_nano.a(lib_a-lock.o)
                0x00000000080073cc                __retarget_lock_acquire_recursive
 .text.__retarget_lock_release_recursive
                0x00000000080073ce        0x2 c:/st/stm32cubeide_1.10.1/stm32cubeide/plugins/com.st.stm32cube.ide.mcu.externaltools.gnu-tools-for-stm32.10.3-2021.10.win32_1.0.0.202111181127/tools/bin/../lib/gcc/arm-none-eabi/10.3.1/../../../../arm-none-eabi/lib/thumb/v7e-m+fp/hard\libc_nano.a(lib_a-lock.o)
                0x00000000080073ce                __retarget_lock_release_recursive
 *(.glue_7)
 .glue_7        0x00000000080073d0        0x0 linker stubs
 *(.glue_7t)
 .glue_7t       0x00000000080073d0        0x0 linker stubs
 *(.eh_frame)
 .eh_frame      0x00000000080073d0        0x0 c:/st/stm32cubeide_1.10.1/stm32cubeide/plugins/com.st.stm32cube.ide.mcu.externaltools.gnu-tools-for-stm32.10.3-2021.10.win32_1.0.0.202111181127/tools/bin/../lib/gcc/arm-none-eabi/10.3.1/thumb/v7e-m+fp/hard/crtbegin.o
 *(.init)
 .init          0x00000000080073d0        0x4 c:/st/stm32cubeide_1.10.1/stm32cubeide/plugins/com.st.stm32cube.ide.mcu.externaltools.gnu-tools-for-stm32.10.3-2021.10.win32_1.0.0.202111181127/tools/bin/../lib/gcc/arm-none-eabi/10.3.1/thumb/v7e-m+fp/hard/crti.o
                0x00000000080073d0                _init
 .init          0x00000000080073d4        0x8 c:/st/stm32cubeide_1.10.1/stm32cubeide/plugins/com.st.stm32cube.ide.mcu.externaltools.gnu-tools-for-stm32.10.3-2021.10.win32_1.0.0.202111181127/tools/bin/../lib/gcc/arm-none-eabi/10.3.1/thumb/v7e-m+fp/hard/crtn.o
 *(.fini)
 .fini          0x00000000080073dc        0x4 c:/st/stm32cubeide_1.10.1/stm32cubeide/plugins/com.st.stm32cube.ide.mcu.externaltools.gnu-tools-for-stm32.10.3-2021.10.win32_1.0.0.202111181127/tools/bin/../lib/gcc/arm-none-eabi/10.3.1/thumb/v7e-m+fp/hard/crti.o
                0x00000000080073dc                _fini
 .fini          0x00000000080073e0        0x8 c:/st/stm32cubeide_1.10.1/stm32cubeide/plugins/com.st.stm32cube.ide.mcu.externaltools.gnu-tools-for-stm32.10.3-2021.10.win32_1.0.0.202111181127/tools/bin/../lib/gcc/arm-none-eabi/10.3.1/thumb/v7e-m+fp/hard/crtn.o
                0x00000000080073e8                . = ALIGN (0x4)
                0x00000000080073e8                _etext = .

.vfp11_veneer   0x00000000080073e8        0x0
 .vfp11_veneer  0x00000000080073e8        0x0 linker stubs

.v4_bx          0x00000000080073e8        0x0
 .v4_bx         0x00000000080073e8        0x0 linker stubs

.iplt           0x00000000080073e8        0x0
 .iplt          0x00000000080073e8        0x0 c:/st/stm32cubeide_1.10.1/stm32cubeide/plugins/com.st.stm32cube.ide.mcu.externaltools.gnu-tools-for-stm32.10.3-2021.10.win32_1.0.0.202111181127/tools/bin/../lib/gcc/arm-none-eabi/10.3.1/thumb/v7e-m+fp/hard/crtbegin.o

.rodata         0x00000000080073e8      0xe8c
                0x00000000080073e8                . = ALIGN (0x4)
 *(.rodata)
 .rodata        0x00000000080073e8       0x4c ./Core/Src/main.o
 .rodata        0x0000000008007434       0x97 ./Core/Src/st7789.o
 *(.rodata*)
 *fill*         0x00000000080074cb        0x1 
 .rodata.Font11x18
                0x00000000080074cc      0xd5c ./Core/Src/fonts.o
 .rodata.AHBPrescTable
                0x0000000008008228       0x10 ./Core/Src/system_stm32f4xx.o
                0x0000000008008228                AHBPrescTable
 .rodata.APBPrescTable
                0x0000000008008238        0x8 ./Core/Src/system_stm32f4xx.o
                0x0000000008008238                APBPrescTable
 .rodata._svfprintf_r.str1.1
                0x0000000008008240       0x11 c:/st/stm32cubeide_1.10.1/stm32cubeide/plugins/com.st.stm32cube.ide.mcu.externaltools.gnu-tools-for-stm32.10.3-2021.10.win32_1.0.0.202111181127/tools/bin/../lib/gcc/arm-none-eabi/10.3.1/../../../../arm-none-eabi/lib/thumb/v7e-m+fp/hard\libc_nano.a(lib_a-nano-svfprintf.o)
 .rodata._printf_i.str1.1
                0x0000000008008251       0x22 c:/st/stm32cubeide_1.10.1/stm32cubeide/plugins/com.st.stm32cube.ide.mcu.externaltools.gnu-tools-for-stm32.10.3-2021.10.win32_1.0.0.202111181127/tools/bin/../lib/gcc/arm-none-eabi/10.3.1/../../../../arm-none-eabi/lib/thumb/v7e-m+fp/hard\libc_nano.a(lib_a-nano-vfprintf_i.o)
                0x0000000008008274                . = ALIGN (0x4)
 *fill*         0x0000000008008273        0x1 

.ARM.extab      0x0000000008008274        0x0
                0x0000000008008274                . = ALIGN (0x4)
 *(.ARM.extab* .gnu.linkonce.armextab.*)
                0x0000000008008274                . = ALIGN (0x4)

.ARM            0x0000000008008274        0x8
                0x0000000008008274                . = ALIGN (0x4)
                0x0000000008008274                __exidx_start = .
 *(.ARM.exidx*)
 .ARM.exidx     0x0000000008008274        0x8 c:/st/stm32cubeide_1.10.1/stm32cubeide/plugins/com.st.stm32cube.ide.mcu.externaltools.gnu-tools-for-stm32.10.3-2021.10.win32_1.0.0.202111181127/tools/bin/../lib/gcc/arm-none-eabi/10.3.1/thumb/v7e-m+fp/hard\libgcc.a(_udivmoddi4.o)
                0x000000000800827c                __exidx_end = .
                0x000000000800827c                . = ALIGN (0x4)

.rel.dyn        0x000000000800827c        0x0
 .rel.iplt      0x000000000800827c        0x0 c:/st/stm32cubeide_1.10.1/stm32cubeide/plugins/com.st.stm32cube.ide.mcu.externaltools.gnu-tools-for-stm32.10.3-2021.10.win32_1.0.0.202111181127/tools/bin/../lib/gcc/arm-none-eabi/10.3.1/thumb/v7e-m+fp/hard/crtbegin.o

.preinit_array  0x000000000800827c        0x0
                0x000000000800827c                . = ALIGN (0x4)
                0x000000000800827c                PROVIDE (__preinit_array_start = .)
 *(.preinit_array*)
                0x000000000800827c                PROVIDE (__preinit_array_end = .)
                0x000000000800827c                . = ALIGN (0x4)

.init_array     0x000000000800827c        0x4
                0x000000000800827c                . = ALIGN (0x4)
                0x000000000800827c                PROVIDE (__init_array_start = .)
 *(SORT_BY_NAME(.init_array.*))
 *(.init_array*)
 .init_array    0x000000000800827c        0x4 c:/st/stm32cubeide_1.10.1/stm32cubeide/plugins/com.st.stm32cube.ide.mcu.externaltools.gnu-tools-for-stm32.10.3-2021.10.win32_1.0.0.202111181127/tools/bin/../lib/gcc/arm-none-eabi/10.3.1/thumb/v7e-m+fp/hard/crtbegin.o
                0x0000000008008280                PROVIDE (__init_array_end = .)
                0x0000000008008280                . = ALIGN (0x4)

.fini_array     0x0000000008008280        0x4
                0x0000000008008280                . = ALIGN (0x4)
                [!provide]                        PROVIDE (__fini_array_start = .)
 *(SORT_BY_NAME(.fini_array.*))
 *(.fini_array*)
 .fini_array    0x0000000008008280        0x4 c:/st/stm32cubeide_1.10.1/stm32cubeide/plugins/com.st.stm32cube.ide.mcu.externaltools.gnu-tools-for-stm32.10.3-2021.10.win32_1.0.0.202111181127/tools/bin/../lib/gcc/arm-none-eabi/10.3.1/thumb/v7e-m+fp/hard/crtbegin.o
                [!provide]                        PROVIDE (__fini_array_end = .)
                0x0000000008008284                . = ALIGN (0x4)
                0x0000000008008284                _sidata = LOADADDR (.data)

.data           0x0000000020000000       0x90 load address 0x0000000008008284
                0x0000000020000000                . = ALIGN (0x4)
                0x0000000020000000                _sdata = .
 *(.data)
 *(.data*)
 .data.Font_11x18
                0x0000000020000000        0x8 ./Core/Src/fonts.o
                0x0000000020000000                Font_11x18
 .data.str      0x0000000020000008       0x14 ./Core/Src/global.o
                0x0000000020000008                str
 .data.ECU_lock
                0x000000002000001c        0x1 ./Core/Src/main.o
                0x000000002000001c                ECU_lock
 *fill*         0x000000002000001d        0x3 
 .data.SystemCoreClock
                0x0000000020000020        0x4 ./Core/Src/system_stm32f4xx.o
                0x0000000020000020                SystemCoreClock
 .data.uwTickPrio
                0x0000000020000024        0x4 ./Drivers/STM32F4xx_HAL_Driver/Src/stm32f4xx_hal.o
                0x0000000020000024                uwTickPrio
 .data.uwTickFreq
                0x0000000020000028        0x1 ./Drivers/STM32F4xx_HAL_Driver/Src/stm32f4xx_hal.o
                0x0000000020000028                uwTickFreq
 *fill*         0x0000000020000029        0x3 
 .data._impure_ptr
                0x000000002000002c        0x4 c:/st/stm32cubeide_1.10.1/stm32cubeide/plugins/com.st.stm32cube.ide.mcu.externaltools.gnu-tools-for-stm32.10.3-2021.10.win32_1.0.0.202111181127/tools/bin/../lib/gcc/arm-none-eabi/10.3.1/../../../../arm-none-eabi/lib/thumb/v7e-m+fp/hard\libc_nano.a(lib_a-impure.o)
                0x000000002000002c                _impure_ptr
 .data.impure_data
                0x0000000020000030       0x60 c:/st/stm32cubeide_1.10.1/stm32cubeide/plugins/com.st.stm32cube.ide.mcu.externaltools.gnu-tools-for-stm32.10.3-2021.10.win32_1.0.0.202111181127/tools/bin/../lib/gcc/arm-none-eabi/10.3.1/../../../../arm-none-eabi/lib/thumb/v7e-m+fp/hard\libc_nano.a(lib_a-impure.o)
 *(.RamFunc)
 *(.RamFunc*)
                0x0000000020000090                . = ALIGN (0x4)
                0x0000000020000090                _edata = .
                0x0000000008008314                _siccmram = LOADADDR (.ccmram)

.igot.plt       0x0000000020000090        0x0 load address 0x0000000008008314
 .igot.plt      0x0000000020000090        0x0 c:/st/stm32cubeide_1.10.1/stm32cubeide/plugins/com.st.stm32cube.ide.mcu.externaltools.gnu-tools-for-stm32.10.3-2021.10.win32_1.0.0.202111181127/tools/bin/../lib/gcc/arm-none-eabi/10.3.1/thumb/v7e-m+fp/hard/crtbegin.o

.ccmram         0x0000000010000000        0x0 load address 0x0000000008008314
                0x0000000010000000                . = ALIGN (0x4)
                0x0000000010000000                _sccmram = .
 *(.ccmram)
 *(.ccmram*)
                0x0000000010000000                . = ALIGN (0x4)
                0x0000000010000000                _eccmram = .
                0x0000000010000000                . = ALIGN (0x4)

.bss            0x0000000020000090      0x200
                0x0000000020000090                _sbss = .
                0x0000000020000090                __bss_start__ = _sbss
 *(.bss)
 .bss           0x0000000020000090       0x1c c:/st/stm32cubeide_1.10.1/stm32cubeide/plugins/com.st.stm32cube.ide.mcu.externaltools.gnu-tools-for-stm32.10.3-2021.10.win32_1.0.0.202111181127/tools/bin/../lib/gcc/arm-none-eabi/10.3.1/thumb/v7e-m+fp/hard/crtbegin.o
 *(.bss*)
 .bss.hspi1     0x00000000200000ac       0x58 ./Core/Src/global.o
                0x00000000200000ac                hspi1
 .bss.hadc1     0x0000000020000104       0x48 ./Core/Src/main.o
                0x0000000020000104                hadc1
 .bss.hcan1     0x000000002000014c       0x28 ./Core/Src/main.o
                0x000000002000014c                hcan1
 .bss.htim2     0x0000000020000174       0x48 ./Core/Src/main.o
                0x0000000020000174                htim2
 .bss.huart1    0x00000000200001bc       0x44 ./Core/Src/main.o
                0x00000000200001bc                huart1
 .bss.TxHeader1
                0x0000000020000200       0x18 ./Core/Src/main.o
                0x0000000020000200                TxHeader1
 .bss.RxHeader1
                0x0000000020000218       0x1c ./Core/Src/main.o
                0x0000000020000218                RxHeader1
 .bss.TxData1   0x0000000020000234        0x8 ./Core/Src/main.o
                0x0000000020000234                TxData1
 .bss.RxData1   0x000000002000023c        0x8 ./Core/Src/main.o
                0x000000002000023c                RxData1
 .bss.TxMailbox
                0x0000000020000244        0x4 ./Core/Src/main.o
                0x0000000020000244                TxMailbox
 .bss.buffer    0x0000000020000248       0x10 ./Core/Src/main.o
                0x0000000020000248                buffer
 .bss.datacheck1
                0x0000000020000258        0x1 ./Core/Src/main.o
                0x0000000020000258                datacheck1
 *fill*         0x0000000020000259        0x1 
 .bss.DID_len   0x000000002000025a        0x2 ./Core/Src/main.o
                0x000000002000025a                DID_len
 .bss.DID_curlen
                0x000000002000025c        0x2 ./Core/Src/main.o
                0x000000002000025c                DID_curlen
 *fill*         0x000000002000025e        0x2 
 .bss.rand_byte
                0x0000000020000260        0x4 ./Core/Src/main.o
                0x0000000020000260                rand_byte
 .bss.lcd_str   0x0000000020000264       0x14 ./Core/Src/main.o
                0x0000000020000264                lcd_str
 .bss.__sbrk_heap_end
                0x0000000020000278        0x4 ./Core/Src/sysmem.o
 .bss.uwTick    0x000000002000027c        0x4 ./Drivers/STM32F4xx_HAL_Driver/Src/stm32f4xx_hal.o
                0x000000002000027c                uwTick
 .bss.__malloc_free_list
                0x0000000020000280        0x4 c:/st/stm32cubeide_1.10.1/stm32cubeide/plugins/com.st.stm32cube.ide.mcu.externaltools.gnu-tools-for-stm32.10.3-2021.10.win32_1.0.0.202111181127/tools/bin/../lib/gcc/arm-none-eabi/10.3.1/../../../../arm-none-eabi/lib/thumb/v7e-m+fp/hard\libc_nano.a(lib_a-nano-mallocr.o)
                0x0000000020000280                __malloc_free_list
 .bss.__malloc_sbrk_start
                0x0000000020000284        0x4 c:/st/stm32cubeide_1.10.1/stm32cubeide/plugins/com.st.stm32cube.ide.mcu.externaltools.gnu-tools-for-stm32.10.3-2021.10.win32_1.0.0.202111181127/tools/bin/../lib/gcc/arm-none-eabi/10.3.1/../../../../arm-none-eabi/lib/thumb/v7e-m+fp/hard\libc_nano.a(lib_a-nano-mallocr.o)
                0x0000000020000284                __malloc_sbrk_start
 .bss.errno     0x0000000020000288        0x4 c:/st/stm32cubeide_1.10.1/stm32cubeide/plugins/com.st.stm32cube.ide.mcu.externaltools.gnu-tools-for-stm32.10.3-2021.10.win32_1.0.0.202111181127/tools/bin/../lib/gcc/arm-none-eabi/10.3.1/../../../../arm-none-eabi/lib/thumb/v7e-m+fp/hard\libc_nano.a(lib_a-reent.o)
                0x0000000020000288                errno
 .bss.__lock___malloc_recursive_mutex
                0x000000002000028c        0x1 c:/st/stm32cubeide_1.10.1/stm32cubeide/plugins/com.st.stm32cube.ide.mcu.externaltools.gnu-tools-for-stm32.10.3-2021.10.win32_1.0.0.202111181127/tools/bin/../lib/gcc/arm-none-eabi/10.3.1/../../../../arm-none-eabi/lib/thumb/v7e-m+fp/hard\libc_nano.a(lib_a-lock.o)
                0x000000002000028c                __lock___malloc_recursive_mutex
 *(COMMON)
                0x0000000020000290                . = ALIGN (0x4)
 *fill*         0x000000002000028d        0x3 
                0x0000000020000290                _ebss = .
                0x0000000020000290                __bss_end__ = _ebss

._user_heap_stack
                0x0000000020000290      0x600
                0x0000000020000290                . = ALIGN (0x8)
                [!provide]                        PROVIDE (end = .)
                0x0000000020000290                PROVIDE (_end = .)
                0x0000000020000490                . = (. + _Min_Heap_Size)
 *fill*         0x0000000020000290      0x200 
                0x0000000020000890                . = (. + _Min_Stack_Size)
 *fill*         0x0000000020000490      0x400 
                0x0000000020000890                . = ALIGN (0x8)

/DISCARD/
 libc.a(*)
 libm.a(*)
 libgcc.a(*)

.ARM.attributes
                0x0000000000000000       0x30
 *(.ARM.attributes)
 .ARM.attributes
                0x0000000000000000       0x1e c:/st/stm32cubeide_1.10.1/stm32cubeide/plugins/com.st.stm32cube.ide.mcu.externaltools.gnu-tools-for-stm32.10.3-2021.10.win32_1.0.0.202111181127/tools/bin/../lib/gcc/arm-none-eabi/10.3.1/thumb/v7e-m+fp/hard/crti.o
 .ARM.attributes
                0x000000000000001e       0x34 c:/st/stm32cubeide_1.10.1/stm32cubeide/plugins/com.st.stm32cube.ide.mcu.externaltools.gnu-tools-for-stm32.10.3-2021.10.win32_1.0.0.202111181127/tools/bin/../lib/gcc/arm-none-eabi/10.3.1/thumb/v7e-m+fp/hard/crtbegin.o
 .ARM.attributes
                0x0000000000000052       0x34 ./Core/Src/LCD_driver.o
 .ARM.attributes
                0x0000000000000086       0x34 ./Core/Src/fonts.o
 .ARM.attributes
                0x00000000000000ba       0x34 ./Core/Src/global.o
 .ARM.attributes
                0x00000000000000ee       0x34 ./Core/Src/main.o
 .ARM.attributes
                0x0000000000000122       0x34 ./Core/Src/st7789.o
 .ARM.attributes
                0x0000000000000156       0x34 ./Core/Src/stm32f4xx_hal_msp.o
 .ARM.attributes
                0x000000000000018a       0x34 ./Core/Src/stm32f4xx_it.o
 .ARM.attributes
                0x00000000000001be       0x34 ./Core/Src/sysmem.o
 .ARM.attributes
                0x00000000000001f2       0x34 ./Core/Src/system_stm32f4xx.o
 .ARM.attributes
                0x0000000000000226       0x21 ./Core/Startup/startup_stm32f405rgtx.o
 .ARM.attributes
                0x0000000000000247       0x34 ./Drivers/STM32F4xx_HAL_Driver/Src/stm32f4xx_hal.o
 .ARM.attributes
                0x000000000000027b       0x34 ./Drivers/STM32F4xx_HAL_Driver/Src/stm32f4xx_hal_adc.o
 .ARM.attributes
                0x00000000000002af       0x34 ./Drivers/STM32F4xx_HAL_Driver/Src/stm32f4xx_hal_can.o
 .ARM.attributes
                0x00000000000002e3       0x34 ./Drivers/STM32F4xx_HAL_Driver/Src/stm32f4xx_hal_cortex.o
 .ARM.attributes
                0x0000000000000317       0x34 ./Drivers/STM32F4xx_HAL_Driver/Src/stm32f4xx_hal_dma.o
 .ARM.attributes
                0x000000000000034b       0x34 ./Drivers/STM32F4xx_HAL_Driver/Src/stm32f4xx_hal_gpio.o
 .ARM.attributes
                0x000000000000037f       0x34 ./Drivers/STM32F4xx_HAL_Driver/Src/stm32f4xx_hal_rcc.o
 .ARM.attributes
                0x00000000000003b3       0x34 ./Drivers/STM32F4xx_HAL_Driver/Src/stm32f4xx_hal_spi.o
 .ARM.attributes
                0x00000000000003e7       0x34 ./Drivers/STM32F4xx_HAL_Driver/Src/stm32f4xx_hal_tim.o
 .ARM.attributes
                0x000000000000041b       0x34 ./Drivers/STM32F4xx_HAL_Driver/Src/stm32f4xx_hal_tim_ex.o
 .ARM.attributes
                0x000000000000044f       0x34 ./Drivers/STM32F4xx_HAL_Driver/Src/stm32f4xx_hal_uart.o
 .ARM.attributes
                0x0000000000000483       0x34 c:/st/stm32cubeide_1.10.1/stm32cubeide/plugins/com.st.stm32cube.ide.mcu.externaltools.gnu-tools-for-stm32.10.3-2021.10.win32_1.0.0.202111181127/tools/bin/../lib/gcc/arm-none-eabi/10.3.1/../../../../arm-none-eabi/lib/thumb/v7e-m+fp/hard\libc_nano.a(lib_a-errno.o)
 .ARM.attributes
                0x00000000000004b7       0x34 c:/st/stm32cubeide_1.10.1/stm32cubeide/plugins/com.st.stm32cube.ide.mcu.externaltools.gnu-tools-for-stm32.10.3-2021.10.win32_1.0.0.202111181127/tools/bin/../lib/gcc/arm-none-eabi/10.3.1/../../../../arm-none-eabi/lib/thumb/v7e-m+fp/hard\libc_nano.a(lib_a-impure.o)
 .ARM.attributes
                0x00000000000004eb       0x34 c:/st/stm32cubeide_1.10.1/stm32cubeide/plugins/com.st.stm32cube.ide.mcu.externaltools.gnu-tools-for-stm32.10.3-2021.10.win32_1.0.0.202111181127/tools/bin/../lib/gcc/arm-none-eabi/10.3.1/../../../../arm-none-eabi/lib/thumb/v7e-m+fp/hard\libc_nano.a(lib_a-init.o)
 .ARM.attributes
                0x000000000000051f       0x34 c:/st/stm32cubeide_1.10.1/stm32cubeide/plugins/com.st.stm32cube.ide.mcu.externaltools.gnu-tools-for-stm32.10.3-2021.10.win32_1.0.0.202111181127/tools/bin/../lib/gcc/arm-none-eabi/10.3.1/../../../../arm-none-eabi/lib/thumb/v7e-m+fp/hard\libc_nano.a(lib_a-memset.o)
 .ARM.attributes
                0x0000000000000553       0x34 c:/st/stm32cubeide_1.10.1/stm32cubeide/plugins/com.st.stm32cube.ide.mcu.externaltools.gnu-tools-for-stm32.10.3-2021.10.win32_1.0.0.202111181127/tools/bin/../lib/gcc/arm-none-eabi/10.3.1/../../../../arm-none-eabi/lib/thumb/v7e-m+fp/hard\libc_nano.a(lib_a-sprintf.o)
 .ARM.attributes
                0x0000000000000587       0x34 c:/st/stm32cubeide_1.10.1/stm32cubeide/plugins/com.st.stm32cube.ide.mcu.externaltools.gnu-tools-for-stm32.10.3-2021.10.win32_1.0.0.202111181127/tools/bin/../lib/gcc/arm-none-eabi/10.3.1/../../../../arm-none-eabi/lib/thumb/v7e-m+fp/hard\libc_nano.a(lib_a-nano-svfprintf.o)
 .ARM.attributes
                0x00000000000005bb       0x34 c:/st/stm32cubeide_1.10.1/stm32cubeide/plugins/com.st.stm32cube.ide.mcu.externaltools.gnu-tools-for-stm32.10.3-2021.10.win32_1.0.0.202111181127/tools/bin/../lib/gcc/arm-none-eabi/10.3.1/../../../../arm-none-eabi/lib/thumb/v7e-m+fp/hard\libc_nano.a(lib_a-nano-vfprintf_i.o)
 .ARM.attributes
                0x00000000000005ef       0x1c c:/st/stm32cubeide_1.10.1/stm32cubeide/plugins/com.st.stm32cube.ide.mcu.externaltools.gnu-tools-for-stm32.10.3-2021.10.win32_1.0.0.202111181127/tools/bin/../lib/gcc/arm-none-eabi/10.3.1/../../../../arm-none-eabi/lib/thumb/v7e-m+fp/hard\libc_nano.a(lib_a-memchr.o)
 .ARM.attributes
                0x000000000000060b       0x34 c:/st/stm32cubeide_1.10.1/stm32cubeide/plugins/com.st.stm32cube.ide.mcu.externaltools.gnu-tools-for-stm32.10.3-2021.10.win32_1.0.0.202111181127/tools/bin/../lib/gcc/arm-none-eabi/10.3.1/../../../../arm-none-eabi/lib/thumb/v7e-m+fp/hard\libc_nano.a(lib_a-memcpy-stub.o)
 .ARM.attributes
                0x000000000000063f       0x34 c:/st/stm32cubeide_1.10.1/stm32cubeide/plugins/com.st.stm32cube.ide.mcu.externaltools.gnu-tools-for-stm32.10.3-2021.10.win32_1.0.0.202111181127/tools/bin/../lib/gcc/arm-none-eabi/10.3.1/../../../../arm-none-eabi/lib/thumb/v7e-m+fp/hard\libc_nano.a(lib_a-memmove.o)
 .ARM.attributes
                0x0000000000000673       0x34 c:/st/stm32cubeide_1.10.1/stm32cubeide/plugins/com.st.stm32cube.ide.mcu.externaltools.gnu-tools-for-stm32.10.3-2021.10.win32_1.0.0.202111181127/tools/bin/../lib/gcc/arm-none-eabi/10.3.1/../../../../arm-none-eabi/lib/thumb/v7e-m+fp/hard\libc_nano.a(lib_a-nano-freer.o)
 .ARM.attributes
                0x00000000000006a7       0x34 c:/st/stm32cubeide_1.10.1/stm32cubeide/plugins/com.st.stm32cube.ide.mcu.externaltools.gnu-tools-for-stm32.10.3-2021.10.win32_1.0.0.202111181127/tools/bin/../lib/gcc/arm-none-eabi/10.3.1/../../../../arm-none-eabi/lib/thumb/v7e-m+fp/hard\libc_nano.a(lib_a-nano-mallocr.o)
 .ARM.attributes
                0x00000000000006db       0x34 c:/st/stm32cubeide_1.10.1/stm32cubeide/plugins/com.st.stm32cube.ide.mcu.externaltools.gnu-tools-for-stm32.10.3-2021.10.win32_1.0.0.202111181127/tools/bin/../lib/gcc/arm-none-eabi/10.3.1/../../../../arm-none-eabi/lib/thumb/v7e-m+fp/hard\libc_nano.a(lib_a-nano-reallocr.o)
 .ARM.attributes
                0x000000000000070f       0x34 c:/st/stm32cubeide_1.10.1/stm32cubeide/plugins/com.st.stm32cube.ide.mcu.externaltools.gnu-tools-for-stm32.10.3-2021.10.win32_1.0.0.202111181127/tools/bin/../lib/gcc/arm-none-eabi/10.3.1/../../../../arm-none-eabi/lib/thumb/v7e-m+fp/hard\libc_nano.a(lib_a-sbrkr.o)
 .ARM.attributes
                0x0000000000000743       0x34 c:/st/stm32cubeide_1.10.1/stm32cubeide/plugins/com.st.stm32cube.ide.mcu.externaltools.gnu-tools-for-stm32.10.3-2021.10.win32_1.0.0.202111181127/tools/bin/../lib/gcc/arm-none-eabi/10.3.1/../../../../arm-none-eabi/lib/thumb/v7e-m+fp/hard\libc_nano.a(lib_a-mlock.o)
 .ARM.attributes
                0x0000000000000777       0x34 c:/st/stm32cubeide_1.10.1/stm32cubeide/plugins/com.st.stm32cube.ide.mcu.externaltools.gnu-tools-for-stm32.10.3-2021.10.win32_1.0.0.202111181127/tools/bin/../lib/gcc/arm-none-eabi/10.3.1/../../../../arm-none-eabi/lib/thumb/v7e-m+fp/hard\libc_nano.a(lib_a-nano-msizer.o)
 .ARM.attributes
                0x00000000000007ab       0x34 c:/st/stm32cubeide_1.10.1/stm32cubeide/plugins/com.st.stm32cube.ide.mcu.externaltools.gnu-tools-for-stm32.10.3-2021.10.win32_1.0.0.202111181127/tools/bin/../lib/gcc/arm-none-eabi/10.3.1/../../../../arm-none-eabi/lib/thumb/v7e-m+fp/hard\libc_nano.a(lib_a-reent.o)
 .ARM.attributes
                0x00000000000007df       0x34 c:/st/stm32cubeide_1.10.1/stm32cubeide/plugins/com.st.stm32cube.ide.mcu.externaltools.gnu-tools-for-stm32.10.3-2021.10.win32_1.0.0.202111181127/tools/bin/../lib/gcc/arm-none-eabi/10.3.1/../../../../arm-none-eabi/lib/thumb/v7e-m+fp/hard\libc_nano.a(lib_a-lock.o)
 .ARM.attributes
                0x0000000000000813       0x1e c:/st/stm32cubeide_1.10.1/stm32cubeide/plugins/com.st.stm32cube.ide.mcu.externaltools.gnu-tools-for-stm32.10.3-2021.10.win32_1.0.0.202111181127/tools/bin/../lib/gcc/arm-none-eabi/10.3.1/thumb/v7e-m+fp/hard\libgcc.a(_aeabi_uldivmod.o)
 .ARM.attributes
                0x0000000000000831       0x34 c:/st/stm32cubeide_1.10.1/stm32cubeide/plugins/com.st.stm32cube.ide.mcu.externaltools.gnu-tools-for-stm32.10.3-2021.10.win32_1.0.0.202111181127/tools/bin/../lib/gcc/arm-none-eabi/10.3.1/thumb/v7e-m+fp/hard\libgcc.a(_udivmoddi4.o)
 .ARM.attributes
                0x0000000000000865       0x1e c:/st/stm32cubeide_1.10.1/stm32cubeide/plugins/com.st.stm32cube.ide.mcu.externaltools.gnu-tools-for-stm32.10.3-2021.10.win32_1.0.0.202111181127/tools/bin/../lib/gcc/arm-none-eabi/10.3.1/thumb/v7e-m+fp/hard\libgcc.a(_dvmd_tls.o)
 .ARM.attributes
                0x0000000000000883       0x1e c:/st/stm32cubeide_1.10.1/stm32cubeide/plugins/com.st.stm32cube.ide.mcu.externaltools.gnu-tools-for-stm32.10.3-2021.10.win32_1.0.0.202111181127/tools/bin/../lib/gcc/arm-none-eabi/10.3.1/thumb/v7e-m+fp/hard/crtn.o
OUTPUT(P1_2.elf elf32-littlearm)
LOAD linker stubs
LOAD c:/st/stm32cubeide_1.10.1/stm32cubeide/plugins/com.st.stm32cube.ide.mcu.externaltools.gnu-tools-for-stm32.10.3-2021.10.win32_1.0.0.202111181127/tools/bin/../lib/gcc/arm-none-eabi/10.3.1/../../../../arm-none-eabi/lib/thumb/v7e-m+fp/hard\libc.a
LOAD c:/st/stm32cubeide_1.10.1/stm32cubeide/plugins/com.st.stm32cube.ide.mcu.externaltools.gnu-tools-for-stm32.10.3-2021.10.win32_1.0.0.202111181127/tools/bin/../lib/gcc/arm-none-eabi/10.3.1/../../../../arm-none-eabi/lib/thumb/v7e-m+fp/hard\libm.a
LOAD c:/st/stm32cubeide_1.10.1/stm32cubeide/plugins/com.st.stm32cube.ide.mcu.externaltools.gnu-tools-for-stm32.10.3-2021.10.win32_1.0.0.202111181127/tools/bin/../lib/gcc/arm-none-eabi/10.3.1/thumb/v7e-m+fp/hard\libgcc.a

.debug_info     0x0000000000000000    0x156e8
 .debug_info    0x0000000000000000     0x1097 ./Core/Src/LCD_driver.o
 .debug_info    0x0000000000001097      0x1fe ./Core/Src/fonts.o
 .debug_info    0x0000000000001295      0x6a7 ./Core/Src/global.o
 .debug_info    0x000000000000193c     0x2071 ./Core/Src/main.o
 .debug_info    0x00000000000039ad     0x125e ./Core/Src/st7789.o
 .debug_info    0x0000000000004c0b     0x1a09 ./Core/Src/stm32f4xx_hal_msp.o
 .debug_info    0x0000000000006614     0x10aa ./Core/Src/stm32f4xx_it.o
 .debug_info    0x00000000000076be      0x171 ./Core/Src/sysmem.o
 .debug_info    0x000000000000782f      0x523 ./Core/Src/system_stm32f4xx.o
 .debug_info    0x0000000000007d52       0x22 ./Core/Startup/startup_stm32f405rgtx.o
 .debug_info    0x0000000000007d74      0x96a ./Drivers/STM32F4xx_HAL_Driver/Src/stm32f4xx_hal.o
 .debug_info    0x00000000000086de      0xd70 ./Drivers/STM32F4xx_HAL_Driver/Src/stm32f4xx_hal_adc.o
 .debug_info    0x000000000000944e      0xfc0 ./Drivers/STM32F4xx_HAL_Driver/Src/stm32f4xx_hal_can.o
 .debug_info    0x000000000000a40e      0xe09 ./Drivers/STM32F4xx_HAL_Driver/Src/stm32f4xx_hal_cortex.o
 .debug_info    0x000000000000b217      0x94f ./Drivers/STM32F4xx_HAL_Driver/Src/stm32f4xx_hal_dma.o
 .debug_info    0x000000000000bb66      0x76a ./Drivers/STM32F4xx_HAL_Driver/Src/stm32f4xx_hal_gpio.o
 .debug_info    0x000000000000c2d0      0x966 ./Drivers/STM32F4xx_HAL_Driver/Src/stm32f4xx_hal_rcc.o
 .debug_info    0x000000000000cc36     0x1758 ./Drivers/STM32F4xx_HAL_Driver/Src/stm32f4xx_hal_spi.o
 .debug_info    0x000000000000e38e     0x2bbe ./Drivers/STM32F4xx_HAL_Driver/Src/stm32f4xx_hal_tim.o
 .debug_info    0x0000000000010f4c     0x15e0 ./Drivers/STM32F4xx_HAL_Driver/Src/stm32f4xx_hal_tim_ex.o
 .debug_info    0x000000000001252c     0x31bc ./Drivers/STM32F4xx_HAL_Driver/Src/stm32f4xx_hal_uart.o

.debug_abbrev   0x0000000000000000     0x2af5
 .debug_abbrev  0x0000000000000000      0x28c ./Core/Src/LCD_driver.o
 .debug_abbrev  0x000000000000028c       0xcc ./Core/Src/fonts.o
 .debug_abbrev  0x0000000000000358      0x144 ./Core/Src/global.o
 .debug_abbrev  0x000000000000049c      0x37f ./Core/Src/main.o
 .debug_abbrev  0x000000000000081b      0x27e ./Core/Src/st7789.o
 .debug_abbrev  0x0000000000000a99      0x23b ./Core/Src/stm32f4xx_hal_msp.o
 .debug_abbrev  0x0000000000000cd4      0x1cd ./Core/Src/stm32f4xx_it.o
 .debug_abbrev  0x0000000000000ea1       0xbb ./Core/Src/sysmem.o
 .debug_abbrev  0x0000000000000f5c      0x116 ./Core/Src/system_stm32f4xx.o
 .debug_abbrev  0x0000000000001072       0x12 ./Core/Startup/startup_stm32f405rgtx.o
 .debug_abbrev  0x0000000000001084      0x20d ./Drivers/STM32F4xx_HAL_Driver/Src/stm32f4xx_hal.o
 .debug_abbrev  0x0000000000001291      0x244 ./Drivers/STM32F4xx_HAL_Driver/Src/stm32f4xx_hal_adc.o
 .debug_abbrev  0x00000000000014d5      0x21d ./Drivers/STM32F4xx_HAL_Driver/Src/stm32f4xx_hal_can.o
 .debug_abbrev  0x00000000000016f2      0x316 ./Drivers/STM32F4xx_HAL_Driver/Src/stm32f4xx_hal_cortex.o
 .debug_abbrev  0x0000000000001a08      0x25b ./Drivers/STM32F4xx_HAL_Driver/Src/stm32f4xx_hal_dma.o
 .debug_abbrev  0x0000000000001c63      0x1c4 ./Drivers/STM32F4xx_HAL_Driver/Src/stm32f4xx_hal_gpio.o
 .debug_abbrev  0x0000000000001e27      0x2aa ./Drivers/STM32F4xx_HAL_Driver/Src/stm32f4xx_hal_rcc.o
 .debug_abbrev  0x00000000000020d1      0x26e ./Drivers/STM32F4xx_HAL_Driver/Src/stm32f4xx_hal_spi.o
 .debug_abbrev  0x000000000000233f      0x25d ./Drivers/STM32F4xx_HAL_Driver/Src/stm32f4xx_hal_tim.o
 .debug_abbrev  0x000000000000259c      0x265 ./Drivers/STM32F4xx_HAL_Driver/Src/stm32f4xx_hal_tim_ex.o
 .debug_abbrev  0x0000000000002801      0x2f4 ./Drivers/STM32F4xx_HAL_Driver/Src/stm32f4xx_hal_uart.o

.debug_aranges  0x0000000000000000     0x1250
 .debug_aranges
                0x0000000000000000       0xc8 ./Core/Src/LCD_driver.o
 .debug_aranges
                0x00000000000000c8       0x18 ./Core/Src/fonts.o
 .debug_aranges
                0x00000000000000e0       0x18 ./Core/Src/global.o
 .debug_aranges
                0x00000000000000f8       0x88 ./Core/Src/main.o
 .debug_aranges
                0x0000000000000180       0xd0 ./Core/Src/st7789.o
 .debug_aranges
                0x0000000000000250       0x70 ./Core/Src/stm32f4xx_hal_msp.o
 .debug_aranges
                0x00000000000002c0       0x80 ./Core/Src/stm32f4xx_it.o
 .debug_aranges
                0x0000000000000340       0x20 ./Core/Src/sysmem.o
 .debug_aranges
                0x0000000000000360       0x28 ./Core/Src/system_stm32f4xx.o
 .debug_aranges
                0x0000000000000388       0x28 ./Core/Startup/startup_stm32f405rgtx.o
 .debug_aranges
                0x00000000000003b0       0xf0 ./Drivers/STM32F4xx_HAL_Driver/Src/stm32f4xx_hal.o
 .debug_aranges
                0x00000000000004a0       0xe8 ./Drivers/STM32F4xx_HAL_Driver/Src/stm32f4xx_hal_adc.o
 .debug_aranges
                0x0000000000000588      0x138 ./Drivers/STM32F4xx_HAL_Driver/Src/stm32f4xx_hal_can.o
 .debug_aranges
                0x00000000000006c0      0x118 ./Drivers/STM32F4xx_HAL_Driver/Src/stm32f4xx_hal_cortex.o
 .debug_aranges
                0x00000000000007d8       0x90 ./Drivers/STM32F4xx_HAL_Driver/Src/stm32f4xx_hal_dma.o
 .debug_aranges
                0x0000000000000868       0x58 ./Drivers/STM32F4xx_HAL_Driver/Src/stm32f4xx_hal_gpio.o
 .debug_aranges
                0x00000000000008c0       0x88 ./Drivers/STM32F4xx_HAL_Driver/Src/stm32f4xx_hal_rcc.o
 .debug_aranges
                0x0000000000000948      0x1d0 ./Drivers/STM32F4xx_HAL_Driver/Src/stm32f4xx_hal_spi.o
 .debug_aranges
                0x0000000000000b18      0x3d0 ./Drivers/STM32F4xx_HAL_Driver/Src/stm32f4xx_hal_tim.o
 .debug_aranges
                0x0000000000000ee8      0x168 ./Drivers/STM32F4xx_HAL_Driver/Src/stm32f4xx_hal_tim_ex.o
 .debug_aranges
                0x0000000000001050      0x200 ./Drivers/STM32F4xx_HAL_Driver/Src/stm32f4xx_hal_uart.o

.debug_ranges   0x0000000000000000     0x1128
 .debug_ranges  0x0000000000000000       0xb8 ./Core/Src/LCD_driver.o
 .debug_ranges  0x00000000000000b8       0x78 ./Core/Src/main.o
 .debug_ranges  0x0000000000000130       0xc0 ./Core/Src/st7789.o
 .debug_ranges  0x00000000000001f0       0x60 ./Core/Src/stm32f4xx_hal_msp.o
 .debug_ranges  0x0000000000000250       0x70 ./Core/Src/stm32f4xx_it.o
 .debug_ranges  0x00000000000002c0       0x10 ./Core/Src/sysmem.o
 .debug_ranges  0x00000000000002d0       0x18 ./Core/Src/system_stm32f4xx.o
 .debug_ranges  0x00000000000002e8       0x20 ./Core/Startup/startup_stm32f405rgtx.o
 .debug_ranges  0x0000000000000308       0xe0 ./Drivers/STM32F4xx_HAL_Driver/Src/stm32f4xx_hal.o
 .debug_ranges  0x00000000000003e8       0xd8 ./Drivers/STM32F4xx_HAL_Driver/Src/stm32f4xx_hal_adc.o
 .debug_ranges  0x00000000000004c0      0x128 ./Drivers/STM32F4xx_HAL_Driver/Src/stm32f4xx_hal_can.o
 .debug_ranges  0x00000000000005e8      0x108 ./Drivers/STM32F4xx_HAL_Driver/Src/stm32f4xx_hal_cortex.o
 .debug_ranges  0x00000000000006f0       0x80 ./Drivers/STM32F4xx_HAL_Driver/Src/stm32f4xx_hal_dma.o
 .debug_ranges  0x0000000000000770       0x48 ./Drivers/STM32F4xx_HAL_Driver/Src/stm32f4xx_hal_gpio.o
 .debug_ranges  0x00000000000007b8       0x78 ./Drivers/STM32F4xx_HAL_Driver/Src/stm32f4xx_hal_rcc.o
 .debug_ranges  0x0000000000000830      0x1c0 ./Drivers/STM32F4xx_HAL_Driver/Src/stm32f4xx_hal_spi.o
 .debug_ranges  0x00000000000009f0      0x3c0 ./Drivers/STM32F4xx_HAL_Driver/Src/stm32f4xx_hal_tim.o
 .debug_ranges  0x0000000000000db0      0x158 ./Drivers/STM32F4xx_HAL_Driver/Src/stm32f4xx_hal_tim_ex.o
 .debug_ranges  0x0000000000000f08      0x220 ./Drivers/STM32F4xx_HAL_Driver/Src/stm32f4xx_hal_uart.o

.debug_macro    0x0000000000000000    0x221a7
 .debug_macro   0x0000000000000000      0x31a ./Core/Src/LCD_driver.o
 .debug_macro   0x000000000000031a      0xa78 ./Core/Src/LCD_driver.o
 .debug_macro   0x0000000000000d92      0x2ad ./Core/Src/LCD_driver.o
 .debug_macro   0x000000000000103f       0x2e ./Core/Src/LCD_driver.o
 .debug_macro   0x000000000000106d       0x2f ./Core/Src/LCD_driver.o
 .debug_macro   0x000000000000109c       0x22 ./Core/Src/LCD_driver.o
 .debug_macro   0x00000000000010be       0x8e ./Core/Src/LCD_driver.o
 .debug_macro   0x000000000000114c       0x51 ./Core/Src/LCD_driver.o
 .debug_macro   0x000000000000119d      0x103 ./Core/Src/LCD_driver.o
 .debug_macro   0x00000000000012a0       0x6a ./Core/Src/LCD_driver.o
 .debug_macro   0x000000000000130a      0x1df ./Core/Src/LCD_driver.o
 .debug_macro   0x00000000000014e9       0x1c ./Core/Src/LCD_driver.o
 .debug_macro   0x0000000000001505       0x22 ./Core/Src/LCD_driver.o
 .debug_macro   0x0000000000001527       0xd9 ./Core/Src/LCD_driver.o
 .debug_macro   0x0000000000001600     0x102d ./Core/Src/LCD_driver.o
 .debug_macro   0x000000000000262d      0x11f ./Core/Src/LCD_driver.o
 .debug_macro   0x000000000000274c    0x1426d ./Core/Src/LCD_driver.o
 .debug_macro   0x00000000000169b9       0x6d ./Core/Src/LCD_driver.o
 .debug_macro   0x0000000000016a26     0x367e ./Core/Src/LCD_driver.o
 .debug_macro   0x000000000001a0a4      0x174 ./Core/Src/LCD_driver.o
 .debug_macro   0x000000000001a218       0x5c ./Core/Src/LCD_driver.o
 .debug_macro   0x000000000001a274      0x8a7 ./Core/Src/LCD_driver.o
 .debug_macro   0x000000000001ab1b      0x9fe ./Core/Src/LCD_driver.o
 .debug_macro   0x000000000001b519      0x115 ./Core/Src/LCD_driver.o
 .debug_macro   0x000000000001b62e      0x130 ./Core/Src/LCD_driver.o
 .debug_macro   0x000000000001b75e       0xa5 ./Core/Src/LCD_driver.o
 .debug_macro   0x000000000001b803      0x174 ./Core/Src/LCD_driver.o
 .debug_macro   0x000000000001b977      0x287 ./Core/Src/LCD_driver.o
 .debug_macro   0x000000000001bbfe       0x5f ./Core/Src/LCD_driver.o
 .debug_macro   0x000000000001bc5d      0x236 ./Core/Src/LCD_driver.o
 .debug_macro   0x000000000001be93      0xb5b ./Core/Src/LCD_driver.o
 .debug_macro   0x000000000001c9ee      0x38b ./Core/Src/LCD_driver.o
 .debug_macro   0x000000000001cd79      0x176 ./Core/Src/LCD_driver.o
 .debug_macro   0x000000000001ceef       0xf9 ./Core/Src/LCD_driver.o
 .debug_macro   0x000000000001cfe8      0x40f ./Core/Src/LCD_driver.o
 .debug_macro   0x000000000001d3f7      0x12c ./Core/Src/LCD_driver.o
 .debug_macro   0x000000000001d523      0x21e ./Core/Src/LCD_driver.o
 .debug_macro   0x000000000001d741       0x2e ./Core/Src/LCD_driver.o
 .debug_macro   0x000000000001d76f      0x11a ./Core/Src/LCD_driver.o
 .debug_macro   0x000000000001d889       0x7e ./Core/Src/LCD_driver.o
 .debug_macro   0x000000000001d907       0x89 ./Core/Src/LCD_driver.o
 .debug_macro   0x000000000001d990      0x225 ./Core/Src/LCD_driver.o
 .debug_macro   0x000000000001dbb5      0x8e6 ./Core/Src/LCD_driver.o
 .debug_macro   0x000000000001e49b       0x47 ./Core/Src/LCD_driver.o
 .debug_macro   0x000000000001e4e2      0x295 ./Core/Src/LCD_driver.o
 .debug_macro   0x000000000001e777      0x12d ./Core/Src/LCD_driver.o
 .debug_macro   0x000000000001e8a4       0x1c ./Core/Src/LCD_driver.o
 .debug_macro   0x000000000001e8c0       0x10 ./Core/Src/LCD_driver.o
 .debug_macro   0x000000000001e8d0       0x52 ./Core/Src/LCD_driver.o
 .debug_macro   0x000000000001e922       0x1e ./Core/Src/LCD_driver.o
 .debug_macro   0x000000000001e940       0x3c ./Core/Src/LCD_driver.o
 .debug_macro   0x000000000001e97c       0x34 ./Core/Src/LCD_driver.o
 .debug_macro   0x000000000001e9b0       0x16 ./Core/Src/LCD_driver.o
 .debug_macro   0x000000000001e9c6       0x43 ./Core/Src/LCD_driver.o
 .debug_macro   0x000000000001ea09       0x34 ./Core/Src/LCD_driver.o
 .debug_macro   0x000000000001ea3d       0x10 ./Core/Src/LCD_driver.o
 .debug_macro   0x000000000001ea4d       0x58 ./Core/Src/LCD_driver.o
 .debug_macro   0x000000000001eaa5       0x71 ./Core/Src/LCD_driver.o
 .debug_macro   0x000000000001eb16       0x1c ./Core/Src/LCD_driver.o
 .debug_macro   0x000000000001eb32      0x12a ./Core/Src/LCD_driver.o
 .debug_macro   0x000000000001ec5c      0x341 ./Core/Src/LCD_driver.o
 .debug_macro   0x000000000001ef9d      0x19b ./Core/Src/LCD_driver.o
 .debug_macro   0x000000000001f138       0x16 ./Core/Src/LCD_driver.o
 .debug_macro   0x000000000001f14e       0x35 ./Core/Src/LCD_driver.o
 .debug_macro   0x000000000001f183       0x16 ./Core/Src/LCD_driver.o
 .debug_macro   0x000000000001f199       0x29 ./Core/Src/LCD_driver.o
 .debug_macro   0x000000000001f1c2       0xc4 ./Core/Src/LCD_driver.o
 .debug_macro   0x000000000001f286       0x6c ./Core/Src/fonts.o
 .debug_macro   0x000000000001f2f2       0x10 ./Core/Src/fonts.o
 .debug_macro   0x000000000001f302      0x229 ./Core/Src/global.o
 .debug_macro   0x000000000001f52b      0x401 ./Core/Src/main.o
 .debug_macro   0x000000000001f92c       0x10 ./Core/Src/main.o
 .debug_macro   0x000000000001f93c      0x1ec ./Core/Src/main.o
 .debug_macro   0x000000000001fb28       0x1c ./Core/Src/main.o
 .debug_macro   0x000000000001fb44       0x10 ./Core/Src/main.o
 .debug_macro   0x000000000001fb54       0x10 ./Core/Src/main.o
 .debug_macro   0x000000000001fb64       0x1c ./Core/Src/main.o
 .debug_macro   0x000000000001fb80       0x52 ./Core/Src/main.o
 .debug_macro   0x000000000001fbd2       0x22 ./Core/Src/main.o
 .debug_macro   0x000000000001fbf4       0x10 ./Core/Src/main.o
 .debug_macro   0x000000000001fc04       0x52 ./Core/Src/main.o
 .debug_macro   0x000000000001fc56       0xd5 ./Core/Src/main.o
 .debug_macro   0x000000000001fd2b       0x1c ./Core/Src/main.o
 .debug_macro   0x000000000001fd47       0x3d ./Core/Src/main.o
 .debug_macro   0x000000000001fd84       0x16 ./Core/Src/main.o
 .debug_macro   0x000000000001fd9a      0x145 ./Core/Src/main.o
 .debug_macro   0x000000000001fedf      0x230 ./Core/Src/st7789.o
 .debug_macro   0x000000000002010f      0x219 ./Core/Src/stm32f4xx_hal_msp.o
 .debug_macro   0x0000000000020328      0x223 ./Core/Src/stm32f4xx_it.o
 .debug_macro   0x000000000002054b       0xff ./Core/Src/sysmem.o
 .debug_macro   0x000000000002064a      0x23b ./Core/Src/sysmem.o
 .debug_macro   0x0000000000020885      0x20a ./Core/Src/system_stm32f4xx.o
 .debug_macro   0x0000000000020a8f      0x26a ./Drivers/STM32F4xx_HAL_Driver/Src/stm32f4xx_hal.o
 .debug_macro   0x0000000000020cf9      0x20b ./Drivers/STM32F4xx_HAL_Driver/Src/stm32f4xx_hal_adc.o
 .debug_macro   0x0000000000020f04      0x212 ./Drivers/STM32F4xx_HAL_Driver/Src/stm32f4xx_hal_can.o
 .debug_macro   0x0000000000021116      0x20a ./Drivers/STM32F4xx_HAL_Driver/Src/stm32f4xx_hal_cortex.o
 .debug_macro   0x0000000000021320      0x210 ./Drivers/STM32F4xx_HAL_Driver/Src/stm32f4xx_hal_dma.o
 .debug_macro   0x0000000000021530      0x210 ./Drivers/STM32F4xx_HAL_Driver/Src/stm32f4xx_hal_gpio.o
 .debug_macro   0x0000000000021740      0x22e ./Drivers/STM32F4xx_HAL_Driver/Src/stm32f4xx_hal_rcc.o
 .debug_macro   0x000000000002196e      0x219 ./Drivers/STM32F4xx_HAL_Driver/Src/stm32f4xx_hal_spi.o
 .debug_macro   0x0000000000021b87      0x20b ./Drivers/STM32F4xx_HAL_Driver/Src/stm32f4xx_hal_tim.o
 .debug_macro   0x0000000000021d92      0x20a ./Drivers/STM32F4xx_HAL_Driver/Src/stm32f4xx_hal_tim_ex.o
 .debug_macro   0x0000000000021f9c      0x20b ./Drivers/STM32F4xx_HAL_Driver/Src/stm32f4xx_hal_uart.o

.debug_line     0x0000000000000000    0x15033
 .debug_line    0x0000000000000000      0xf58 ./Core/Src/LCD_driver.o
 .debug_line    0x0000000000000f58      0x37f ./Core/Src/fonts.o
 .debug_line    0x00000000000012d7      0x719 ./Core/Src/global.o
 .debug_line    0x00000000000019f0      0xe17 ./Core/Src/main.o
 .debug_line    0x0000000000002807      0xde4 ./Core/Src/st7789.o
 .debug_line    0x00000000000035eb      0x8c4 ./Core/Src/stm32f4xx_hal_msp.o
 .debug_line    0x0000000000003eaf      0x853 ./Core/Src/stm32f4xx_it.o
 .debug_line    0x0000000000004702      0x4ea ./Core/Src/sysmem.o
 .debug_line    0x0000000000004bec      0x7b2 ./Core/Src/system_stm32f4xx.o
 .debug_line    0x000000000000539e       0x88 ./Core/Startup/startup_stm32f405rgtx.o
 .debug_line    0x0000000000005426      0xa18 ./Drivers/STM32F4xx_HAL_Driver/Src/stm32f4xx_hal.o
 .debug_line    0x0000000000005e3e     0x128e ./Drivers/STM32F4xx_HAL_Driver/Src/stm32f4xx_hal_adc.o
 .debug_line    0x00000000000070cc     0x1184 ./Drivers/STM32F4xx_HAL_Driver/Src/stm32f4xx_hal_can.o
 .debug_line    0x0000000000008250      0xcc7 ./Drivers/STM32F4xx_HAL_Driver/Src/stm32f4xx_hal_cortex.o
 .debug_line    0x0000000000008f17      0xf7c ./Drivers/STM32F4xx_HAL_Driver/Src/stm32f4xx_hal_dma.o
 .debug_line    0x0000000000009e93      0xb8c ./Drivers/STM32F4xx_HAL_Driver/Src/stm32f4xx_hal_gpio.o
 .debug_line    0x000000000000aa1f      0xd94 ./Drivers/STM32F4xx_HAL_Driver/Src/stm32f4xx_hal_rcc.o
 .debug_line    0x000000000000b7b3     0x1ca2 ./Drivers/STM32F4xx_HAL_Driver/Src/stm32f4xx_hal_spi.o
 .debug_line    0x000000000000d455     0x370c ./Drivers/STM32F4xx_HAL_Driver/Src/stm32f4xx_hal_tim.o
 .debug_line    0x0000000000010b61     0x1a15 ./Drivers/STM32F4xx_HAL_Driver/Src/stm32f4xx_hal_tim_ex.o
 .debug_line    0x0000000000012576     0x2abd ./Drivers/STM32F4xx_HAL_Driver/Src/stm32f4xx_hal_uart.o

.debug_str      0x0000000000000000    0xd2bb4
 .debug_str     0x0000000000000000    0xcc431 ./Core/Src/LCD_driver.o
                                      0xcc737 (size before relaxing)
 .debug_str     0x00000000000cc431       0x84 ./Core/Src/fonts.o
                                       0x3c71 (size before relaxing)
 .debug_str     0x00000000000cc4b5       0x55 ./Core/Src/global.o
                                      0xc8a7d (size before relaxing)
 .debug_str     0x00000000000cc50a     0x2454 ./Core/Src/main.o
                                      0xcea3b (size before relaxing)
 .debug_str     0x00000000000ce95e      0x263 ./Core/Src/st7789.o
                                      0xc9452 (size before relaxing)
 .debug_str     0x00000000000cebc1      0x5fc ./Core/Src/stm32f4xx_hal_msp.o
                                      0xc998d (size before relaxing)
 .debug_str     0x00000000000cf1bd      0x15c ./Core/Src/stm32f4xx_it.o
                                      0xc923a (size before relaxing)
 .debug_str     0x00000000000cf319      0x4da ./Core/Src/sysmem.o
                                       0x5d96 (size before relaxing)
 .debug_str     0x00000000000cf7f3       0xdb ./Core/Src/system_stm32f4xx.o
                                      0xc8741 (size before relaxing)
 .debug_str     0x00000000000cf8ce       0x36 ./Core/Startup/startup_stm32f405rgtx.o
                                         0x58 (size before relaxing)
 .debug_str     0x00000000000cf904      0x603 ./Drivers/STM32F4xx_HAL_Driver/Src/stm32f4xx_hal.o
                                      0xc92a4 (size before relaxing)
 .debug_str     0x00000000000cff07      0x285 ./Drivers/STM32F4xx_HAL_Driver/Src/stm32f4xx_hal_adc.o
                                      0xc8d2e (size before relaxing)
 .debug_str     0x00000000000d018c      0x3c4 ./Drivers/STM32F4xx_HAL_Driver/Src/stm32f4xx_hal_can.o
                                      0xc8e2d (size before relaxing)
 .debug_str     0x00000000000d0550      0x326 ./Drivers/STM32F4xx_HAL_Driver/Src/stm32f4xx_hal_cortex.o
                                      0xc8fd7 (size before relaxing)
 .debug_str     0x00000000000d0876      0x2f6 ./Drivers/STM32F4xx_HAL_Driver/Src/stm32f4xx_hal_dma.o
                                      0xc8b5b (size before relaxing)
 .debug_str     0x00000000000d0b6c      0x109 ./Drivers/STM32F4xx_HAL_Driver/Src/stm32f4xx_hal_gpio.o
                                      0xc88bc (size before relaxing)
 .debug_str     0x00000000000d0c75      0x233 ./Drivers/STM32F4xx_HAL_Driver/Src/stm32f4xx_hal_rcc.o
                                      0xc8b75 (size before relaxing)
 .debug_str     0x00000000000d0ea8      0x518 ./Drivers/STM32F4xx_HAL_Driver/Src/stm32f4xx_hal_spi.o
                                      0xc9005 (size before relaxing)
 .debug_str     0x00000000000d13c0      0xdb8 ./Drivers/STM32F4xx_HAL_Driver/Src/stm32f4xx_hal_tim.o
                                      0xc9abb (size before relaxing)
 .debug_str     0x00000000000d2178      0x493 ./Drivers/STM32F4xx_HAL_Driver/Src/stm32f4xx_hal_tim_ex.o
                                      0xc92d7 (size before relaxing)
 .debug_str     0x00000000000d260b      0x5a9 ./Drivers/STM32F4xx_HAL_Driver/Src/stm32f4xx_hal_uart.o
                                      0xc9114 (size before relaxing)

.comment        0x0000000000000000       0x50
 .comment       0x0000000000000000       0x50 ./Core/Src/LCD_driver.o
                                         0x51 (size before relaxing)
 .comment       0x0000000000000050       0x51 ./Core/Src/fonts.o
 .comment       0x0000000000000050       0x51 ./Core/Src/global.o
 .comment       0x0000000000000050       0x51 ./Core/Src/main.o
 .comment       0x0000000000000050       0x51 ./Core/Src/st7789.o
 .comment       0x0000000000000050       0x51 ./Core/Src/stm32f4xx_hal_msp.o
 .comment       0x0000000000000050       0x51 ./Core/Src/stm32f4xx_it.o
 .comment       0x0000000000000050       0x51 ./Core/Src/sysmem.o
 .comment       0x0000000000000050       0x51 ./Core/Src/system_stm32f4xx.o
 .comment       0x0000000000000050       0x51 ./Drivers/STM32F4xx_HAL_Driver/Src/stm32f4xx_hal.o
 .comment       0x0000000000000050       0x51 ./Drivers/STM32F4xx_HAL_Driver/Src/stm32f4xx_hal_adc.o
 .comment       0x0000000000000050       0x51 ./Drivers/STM32F4xx_HAL_Driver/Src/stm32f4xx_hal_can.o
 .comment       0x0000000000000050       0x51 ./Drivers/STM32F4xx_HAL_Driver/Src/stm32f4xx_hal_cortex.o
 .comment       0x0000000000000050       0x51 ./Drivers/STM32F4xx_HAL_Driver/Src/stm32f4xx_hal_dma.o
 .comment       0x0000000000000050       0x51 ./Drivers/STM32F4xx_HAL_Driver/Src/stm32f4xx_hal_gpio.o
 .comment       0x0000000000000050       0x51 ./Drivers/STM32F4xx_HAL_Driver/Src/stm32f4xx_hal_rcc.o
 .comment       0x0000000000000050       0x51 ./Drivers/STM32F4xx_HAL_Driver/Src/stm32f4xx_hal_spi.o
 .comment       0x0000000000000050       0x51 ./Drivers/STM32F4xx_HAL_Driver/Src/stm32f4xx_hal_tim.o
 .comment       0x0000000000000050       0x51 ./Drivers/STM32F4xx_HAL_Driver/Src/stm32f4xx_hal_tim_ex.o
 .comment       0x0000000000000050       0x51 ./Drivers/STM32F4xx_HAL_Driver/Src/stm32f4xx_hal_uart.o

.debug_frame    0x0000000000000000     0x51b8
 .debug_frame   0x0000000000000000      0x350 ./Core/Src/LCD_driver.o
 .debug_frame   0x0000000000000350      0x1ec ./Core/Src/main.o
 .debug_frame   0x000000000000053c      0x398 ./Core/Src/st7789.o
 .debug_frame   0x00000000000008d4      0x1a0 ./Core/Src/stm32f4xx_hal_msp.o
 .debug_frame   0x0000000000000a74      0x174 ./Core/Src/stm32f4xx_it.o