../Core/Src/main.c:87:6:HAL_CAN_RxFifo0MsgPendingCallback	24	static
../Core/Src/main.c:94:6:handle_22	16	static
../Core/Src/main.c:119:6:handle_2E	40	static
../Core/Src/main.c:181:6:handle_27	8	static
../Core/Src/main.c:231:5:main	16	static
../Core/Src/main.c:302:6:SystemClock_Config	88	static
../Core/Src/main.c:348:13:MX_ADC1_Init	24	static
../Core/Src/main.c:400:13:MX_CAN1_Init	48	static
../Core/Src/main.c:450:13:MX_SPI1_Init	8	static
../Core/Src/main.c:488:13:MX_TIM2_Init	32	static
../Core/Src/main.c:533:13:MX_USART1_UART_Init	8	static
../Core/Src/main.c:566:13:MX_GPIO_Init	48	static
../Core/Src/main.c:599:6:HAL_UART_RxCpltCallback	16	static
../Core/Src/main.c:608:6:Error_Handler	4	static,ignoring_inline_asm
